Archive member included to satisfy reference by file (symbol)

D:/STM32CubeIDE_1.19.0/STM32CubeIDE/plugins/com.st.stm32cube.ide.mcu.externaltools.gnu-tools-for-stm32.13.3.rel1.win32_1.0.0.202411081344/tools/bin/../lib/gcc/arm-none-eabi/13.3.1/../../../../arm-none-eabi/lib/thumb/v7-m/nofp\libc_nano.a(libc_a-exit.o)
                              D:/STM32CubeIDE_1.19.0/STM32CubeIDE/plugins/com.st.stm32cube.ide.mcu.externaltools.gnu-tools-for-stm32.13.3.rel1.win32_1.0.0.202411081344/tools/bin/../lib/gcc/arm-none-eabi/13.3.1/../../../../arm-none-eabi/lib/thumb/v7-m/nofp/crt0.o (exit)
D:/STM32CubeIDE_1.19.0/STM32CubeIDE/plugins/com.st.stm32cube.ide.mcu.externaltools.gnu-tools-for-stm32.13.3.rel1.win32_1.0.0.202411081344/tools/bin/../lib/gcc/arm-none-eabi/13.3.1/../../../../arm-none-eabi/lib/thumb/v7-m/nofp\libc_nano.a(libc_a-findfp.o)
                              D:/STM32CubeIDE_1.19.0/STM32CubeIDE/plugins/com.st.stm32cube.ide.mcu.externaltools.gnu-tools-for-stm32.13.3.rel1.win32_1.0.0.202411081344/tools/bin/../lib/gcc/arm-none-eabi/13.3.1/../../../../arm-none-eabi/lib/thumb/v7-m/nofp\libc_nano.a(libc_a-exit.o) (__stdio_exit_handler)
D:/STM32CubeIDE_1.19.0/STM32CubeIDE/plugins/com.st.stm32cube.ide.mcu.externaltools.gnu-tools-for-stm32.13.3.rel1.win32_1.0.0.202411081344/tools/bin/../lib/gcc/arm-none-eabi/13.3.1/../../../../arm-none-eabi/lib/thumb/v7-m/nofp\libc_nano.a(libc_a-fwalk.o)
                              D:/STM32CubeIDE_1.19.0/STM32CubeIDE/plugins/com.st.stm32cube.ide.mcu.externaltools.gnu-tools-for-stm32.13.3.rel1.win32_1.0.0.202411081344/tools/bin/../lib/gcc/arm-none-eabi/13.3.1/../../../../arm-none-eabi/lib/thumb/v7-m/nofp\libc_nano.a(libc_a-findfp.o) (_fwalk_sglue)
D:/STM32CubeIDE_1.19.0/STM32CubeIDE/plugins/com.st.stm32cube.ide.mcu.externaltools.gnu-tools-for-stm32.13.3.rel1.win32_1.0.0.202411081344/tools/bin/../lib/gcc/arm-none-eabi/13.3.1/../../../../arm-none-eabi/lib/thumb/v7-m/nofp\libc_nano.a(libc_a-snprintf.o)
                              ./Core/Src/bluetooth_transmitter.o (snprintf)
D:/STM32CubeIDE_1.19.0/STM32CubeIDE/plugins/com.st.stm32cube.ide.mcu.externaltools.gnu-tools-for-stm32.13.3.rel1.win32_1.0.0.202411081344/tools/bin/../lib/gcc/arm-none-eabi/13.3.1/../../../../arm-none-eabi/lib/thumb/v7-m/nofp\libc_nano.a(libc_a-stdio.o)
                              D:/STM32CubeIDE_1.19.0/STM32CubeIDE/plugins/com.st.stm32cube.ide.mcu.externaltools.gnu-tools-for-stm32.13.3.rel1.win32_1.0.0.202411081344/tools/bin/../lib/gcc/arm-none-eabi/13.3.1/../../../../arm-none-eabi/lib/thumb/v7-m/nofp\libc_nano.a(libc_a-findfp.o) (__sread)
D:/STM32CubeIDE_1.19.0/STM32CubeIDE/plugins/com.st.stm32cube.ide.mcu.externaltools.gnu-tools-for-stm32.13.3.rel1.win32_1.0.0.202411081344/tools/bin/../lib/gcc/arm-none-eabi/13.3.1/../../../../arm-none-eabi/lib/thumb/v7-m/nofp\libc_nano.a(libc_a-memset.o)
                              D:/STM32CubeIDE_1.19.0/STM32CubeIDE/plugins/com.st.stm32cube.ide.mcu.externaltools.gnu-tools-for-stm32.13.3.rel1.win32_1.0.0.202411081344/tools/bin/../lib/gcc/arm-none-eabi/13.3.1/../../../../arm-none-eabi/lib/thumb/v7-m/nofp/crt0.o (memset)
D:/STM32CubeIDE_1.19.0/STM32CubeIDE/plugins/com.st.stm32cube.ide.mcu.externaltools.gnu-tools-for-stm32.13.3.rel1.win32_1.0.0.202411081344/tools/bin/../lib/gcc/arm-none-eabi/13.3.1/../../../../arm-none-eabi/lib/thumb/v7-m/nofp\libc_nano.a(libc_a-closer.o)
                              D:/STM32CubeIDE_1.19.0/STM32CubeIDE/plugins/com.st.stm32cube.ide.mcu.externaltools.gnu-tools-for-stm32.13.3.rel1.win32_1.0.0.202411081344/tools/bin/../lib/gcc/arm-none-eabi/13.3.1/../../../../arm-none-eabi/lib/thumb/v7-m/nofp\libc_nano.a(libc_a-stdio.o) (_close_r)
D:/STM32CubeIDE_1.19.0/STM32CubeIDE/plugins/com.st.stm32cube.ide.mcu.externaltools.gnu-tools-for-stm32.13.3.rel1.win32_1.0.0.202411081344/tools/bin/../lib/gcc/arm-none-eabi/13.3.1/../../../../arm-none-eabi/lib/thumb/v7-m/nofp\libc_nano.a(libc_a-reent.o)
                              D:/STM32CubeIDE_1.19.0/STM32CubeIDE/plugins/com.st.stm32cube.ide.mcu.externaltools.gnu-tools-for-stm32.13.3.rel1.win32_1.0.0.202411081344/tools/bin/../lib/gcc/arm-none-eabi/13.3.1/../../../../arm-none-eabi/lib/thumb/v7-m/nofp\libc_nano.a(libc_a-closer.o) (errno)
D:/STM32CubeIDE_1.19.0/STM32CubeIDE/plugins/com.st.stm32cube.ide.mcu.externaltools.gnu-tools-for-stm32.13.3.rel1.win32_1.0.0.202411081344/tools/bin/../lib/gcc/arm-none-eabi/13.3.1/../../../../arm-none-eabi/lib/thumb/v7-m/nofp\libc_nano.a(libc_a-impure.o)
                              D:/STM32CubeIDE_1.19.0/STM32CubeIDE/plugins/com.st.stm32cube.ide.mcu.externaltools.gnu-tools-for-stm32.13.3.rel1.win32_1.0.0.202411081344/tools/bin/../lib/gcc/arm-none-eabi/13.3.1/../../../../arm-none-eabi/lib/thumb/v7-m/nofp\libc_nano.a(libc_a-snprintf.o) (_impure_ptr)
[...]
Memory Configuration

Name             Origin             Length             Attributes
RAM              0x20000000         0x00005000         xrw
FLASH            0x08000000         0x00010000         xr
*default*        0x00000000         0xffffffff

Linker script and memory map

LOAD D:/STM32CubeIDE_1.19.0/STM32CubeIDE/plugins/com.st.stm32cube.ide.mcu.externaltools.gnu-tools-for-stm32.13.3.rel1.win32_1.0.0.202411081344/tools/bin/../lib/gcc/arm-none-eabi/13.3.1/thumb/v7-m/nofp/crti.o
LOAD D:/STM32CubeIDE_1.19.0/STM32CubeIDE/plugins/com.st.stm32cube.ide.mcu.externaltools.gnu-tools-for-stm32.13.3.rel1.win32_1.0.0.202411081344/tools/bin/../lib/gcc/arm-none-eabi/13.3.1/thumb/v7-m/nofp/crtbegin.o
LOAD D:/STM32CubeIDE_1.19.0/STM32CubeIDE/plugins/com.st.stm32cube.ide.mcu.externaltools.gnu-tools-for-stm32.13.3.rel1.win32_1.0.0.202411081344/tools/bin/../lib/gcc/arm-none-eabi/13.3.1/../../../../arm-none-eabi/lib/thumb/v7-m/nofp/crt0.o
LOAD ./Core/Src/HCSR04.o
LOAD ./Core/Src/MPU6050.o
LOAD ./Core/Src/bluetooth_receiver.o
LOAD ./Core/Src/bluetooth_transmitter.o
LOAD ./Core/Src/encoder.o
LOAD ./Core/Src/global.o
LOAD ./Core/Src/gpio.o
LOAD ./Core/Src/hx711.o
LOAD ./Core/Src/i2c.o
LOAD ./Core/Src/main.o
LOAD ./Core/Src/motor.o
LOAD ./Core/Src/navigation.o
LOAD ./Core/Src/path_planning.o
LOAD ./Core/Src/stm32f1xx_hal_msp.o
LOAD ./Core/Src/stm32f1xx_it.o
LOAD ./Core/Src/syscalls.o
LOAD ./Core/Src/sysmem.o
LOAD ./Core/Src/system_stm32f1xx.o
LOAD ./Core/Src/tim.o
LOAD ./Core/Src/usart.o
LOAD ./Core/Startup/startup_stm32f103c8tx.o
LOAD ./Drivers/STM32F1xx_HAL_Driver/Src/stm32f1xx_hal.o
LOAD ./Drivers/STM32F1xx_HAL_Driver/Src/stm32f1xx_hal_cortex.o
LOAD ./Drivers/STM32F1xx_HAL_Driver/Src/stm32f1xx_hal_dma.o
LOAD ./Drivers/STM32F1xx_HAL_Driver/Src/stm32f1xx_hal_exti.o
LOAD ./Drivers/STM32F1xx_HAL_Driver/Src/stm32f1xx_hal_flash.o
LOAD ./Drivers/STM32F1xx_HAL_Driver/Src/stm32f1xx_hal_flash_ex.o
LOAD ./Drivers/STM32F1xx_HAL_Driver/Src/stm32f1xx_hal_gpio.o
LOAD ./Drivers/STM32F1xx_HAL_Driver/Src/stm32f1xx_hal_gpio_ex.o
LOAD ./Drivers/STM32F1xx_HAL_Driver/Src/stm32f1xx_hal_i2c.o
LOAD ./Drivers/STM32F1xx_HAL_Driver/Src/stm32f1xx_hal_pwr.o
LOAD ./Drivers/STM32F1xx_HAL_Driver/Src/stm32f1xx_hal_rcc.o
LOAD ./Drivers/STM32F1xx_HAL_Driver/Src/stm32f1xx_hal_rcc_ex.o
LOAD ./Drivers/STM32F1xx_HAL_Driver/Src/stm32f1xx_hal_tim.o
LOAD ./Drivers/STM32F1xx_HAL_Driver/Src/stm32f1xx_hal_tim_ex.o
LOAD ./Drivers/STM32F1xx_HAL_Driver/Src/stm32f1xx_hal_uart.o
START GROUP
LOAD D:/STM32CubeIDE_1.19.0/STM32CubeIDE/plugins/com.st.stm32cube.ide.mcu.externaltools.gnu-tools-for-stm32.13.3.rel1.win32_1.0.0.202411081344/tools/bin/../lib/gcc/arm-none-eabi/13.3.1/../../../../arm-none-eabi/lib/thumb/v7-m/nofp\libc_nano.a
LOAD D:/STM32CubeIDE_1.19.0/STM32CubeIDE/plugins/com.st.stm32cube.ide.mcu.externaltools.gnu-tools-for-stm32.13.3.rel1.win32_1.0.0.202411081344/tools/bin/../lib/gcc/arm-none-eabi/13.3.1/../../../../arm-none-eabi/lib/thumb/v7-m/nofp\libm.a
END GROUP
START GROUP
LOAD D:/STM32CubeIDE_1.19.0/STM32CubeIDE/plugins/com.st.stm32cube.ide.mcu.externaltools.gnu-tools-for-stm32.13.3.rel1.win32_1.0.0.202411081344/tools/bin/../lib/gcc/arm-none-eabi/13.3.1/thumb/v7-m/nofp\libgcc.a
LOAD D:/STM32CubeIDE_1.19.0/STM32CubeIDE/plugins/com.st.stm32cube.ide.mcu.externaltools.gnu-tools-for-stm32.13.3.rel1.win32_1.0.0.202411081344/tools/bin/../lib/gcc/arm-none-eabi/13.3.1/../../../../arm-none-eabi/lib/thumb/v7-m/nofp\libc_nano.a
END GROUP
START GROUP
LOAD D:/STM32CubeIDE_1.19.0/STM32CubeIDE/plugins/com.st.stm32cube.ide.mcu.externaltools.gnu-tools-for-stm32.13.3.rel1.win32_1.0.0.202411081344/tools/bin/../lib/gcc/arm-none-eabi/13.3.1/thumb/v7-m/nofp\libgcc.a
LOAD D:/STM32CubeIDE_1.19.0/STM32CubeIDE/plugins/com.st.stm32cube.ide.mcu.externaltools.gnu-tools-for-stm32.13.3.rel1.win32_1.0.0.202411081344/tools/bin/../lib/gcc/arm-none-eabi/13.3.1/../../../../arm-none-eabi/lib/thumb/v7-m/nofp\libc_nano.a
LOAD D:/STM32CubeIDE_1.19.0/STM32CubeIDE/plugins/com.st.stm32cube.ide.mcu.externaltools.gnu-tools-for-stm32.13.3.rel1.win32_1.0.0.202411081344/tools/bin/../lib/gcc/arm-none-eabi/13.3.1/../../../../arm-none-eabi/lib/thumb/v7-m/nofp\libnosys.a
END GROUP
START GROUP
LOAD D:/STM32CubeIDE_1.19.0/STM32CubeIDE/plugins/com.st.stm32cube.ide.mcu.externaltools.gnu-tools-for-stm32.13.3.rel1.win32_1.0.0.202411081344/tools/bin/../lib/gcc/arm-none-eabi/13.3.1/thumb/v7-m/nofp\libgcc.a
LOAD D:/STM32CubeIDE_1.19.0/STM32CubeIDE/plugins/com.st.stm32cube.ide.mcu.externaltools.gnu-tools-for-stm32.13.3.rel1.win32_1.0.0.202411081344/tools/bin/../lib/gcc/arm-none-eabi/13.3.1/../../../../arm-none-eabi/lib/thumb/v7-m/nofp\libc_nano.a
LOAD D:/STM32CubeIDE_1.19.0/STM32CubeIDE/plugins/com.st.stm32cube.ide.mcu.externaltools.gnu-tools-for-stm32.13.3.rel1.win32_1.0.0.202411081344/tools/bin/../lib/gcc/arm-none-eabi/13.3.1/../../../../arm-none-eabi/lib/thumb/v7-m/nofp\libnosys.a
END GROUP
LOAD D:/STM32CubeIDE_1.19.0/STM32CubeIDE/plugins/com.st.stm32cube.ide.mcu.externaltools.gnu-tools-for-stm32.13.3.rel1.win32_1.0.0.202411081344/tools/bin/../lib/gcc/arm-none-eabi/13.3.1/thumb/v7-m/nofp/crtend.o
LOAD D:/STM32CubeIDE_1.19.0/STM32CubeIDE/plugins/com.st.stm32cube.ide.mcu.externaltools.gnu-tools-for-stm32.13.3.rel1.win32_1.0.0.202411081344/tools/bin/../lib/gcc/arm-none-eabi/13.3.1/thumb/v7-m/nofp/crtn.o
                0x20005000                        _estack = (ORIGIN (RAM) + LENGTH (RAM))
                0x00000200                        _Min_Heap_Size = 0x200
                0x00000400                        _Min_Stack_Size = 0x400

.isr_vector     0x08000000      0x10c
                0x08000000                        . = ALIGN (0x4)
 *(.isr_vector)
 .isr_vector    0x08000000      0x10c ./Core/Startup/startup_stm32f103c8tx.o
                0x08000000                g_pfnVectors
                0x0800010c                        . = ALIGN (0x4)

.text           0x08000110     0x65cc
                0x08000110                        . = ALIGN (0x4)
 *(.text)
 .text          0x08000110       0x40 D:/STM32CubeIDE_1.19.0/STM32CubeIDE/plugins/com.st.stm32cube.ide.mcu.externaltools.gnu-tools-for-stm32.13.3.rel1.win32_1.0.0.202411081344/tools/bin/../lib/gcc/arm-none-eabi/13.3.1/thumb/v7-m/nofp/crtbegin.o
 .text          0x08000150      0x378 D:/STM32CubeIDE_1.19.0/STM32CubeIDE/plugins/com.st.stm32cube.ide.mcu.externaltools.gnu-tools-for-stm32.13.3.rel1.win32_1.0.0.202411081344/tools/bin/../lib/gcc/arm-none-eabi/13.3.1/thumb/v7-m/nofp\libgcc.a(_arm_addsubdf3.o)
                0x08000150                __aeabi_drsub
                0x08000158                __aeabi_dsub
                0x08000158                __subdf3
                0x0800015c                __aeabi_dadd
                0x0800015c                __adddf3
                0x080003d4                __floatunsidf
                0x080003d4                __aeabi_ui2d
                0x080003f4                __floatsidf
                0x080003f4                __aeabi_i2d
                0x08000418                __aeabi_f2d
                0x08000418                __extendsfdf2
                0x0800045c                __floatundidf
                0x0800045c                __aeabi_ul2d
                0x0800046c                __floatdidf
                0x0800046c                __aeabi_l2d
 .text          0x080004c8      0x424 D:/STM32CubeIDE_1.19.0/STM32CubeIDE/plugins/com.st.stm32cube.ide.mcu.externaltools.gnu-tools-for-stm32.13.3.rel1.win32_1.0.0.202411081344/tools/bin/../lib/gcc/arm-none-eabi/13.3.1/thumb/v7-m/nofp\libgcc.a(_arm_muldivdf3.o)
                0x080004c8                __aeabi_dmul
                0x080004c8                __muldf3
                0x0800071c                __divdf3
                0x0800071c                __aeabi_ddiv
 .text          0x080008ec      0x110 D:/STM32CubeIDE_1.19.0/STM32CubeIDE/plugins/com.st.stm32cube.ide.mcu.externaltools.gnu-tools-for-stm32.13.3.rel1.win32_1.0.0.202411081344/tools/bin/../lib/gcc/arm-none-eabi/13.3.1/thumb/v7-m/nofp\libgcc.a(_arm_cmpdf2.o)
                0x080008ec                __gtdf2
                0x080008ec                __gedf2
                0x080008f4                __ltdf2
                0x080008f4                __ledf2
                0x080008fc                __nedf2
                0x080008fc                __eqdf2
                0x080008fc                __cmpdf2
                0x08000978                __aeabi_cdrcmple
                0x08000988                __aeabi_cdcmpeq
                0x08000988                __aeabi_cdcmple
                0x08000998                __aeabi_dcmpeq
                0x080009ac                __aeabi_dcmplt
                0x080009c0                __aeabi_dcmple
                0x080009d4                __aeabi_dcmpge
                0x080009e8                __aeabi_dcmpgt
 .text          0x080009fc       0x2c D:/STM32CubeIDE_1.19.0/STM32CubeIDE/plugins/com.st.stm32cube.ide.mcu.externaltools.gnu-tools-for-stm32.13.3.rel1.win32_1.0.0.202411081344/tools/bin/../lib/gcc/arm-none-eabi/13.3.1/thumb/v7-m/nofp\libgcc.a(_arm_unorddf2.o)
                0x080009fc                __unorddf2
                0x080009fc                __aeabi_dcmpun
 .text          0x08000a28       0xa0 D:/STM32CubeIDE_1.19.0/STM32CubeIDE/plugins/com.st.stm32cube.ide.mcu.externaltools.gnu-tools-for-stm32.13.3.rel1.win32_1.0.0.202411081344/tools/bin/../lib/gcc/arm-none-eabi/13.3.1/thumb/v7-m/nofp\libgcc.a(_arm_truncdfsf2.o)
                0x08000a28                __truncdfsf2
                0x08000a28                __aeabi_d2f
 .text          0x08000ac8      0x21c D:/STM32CubeIDE_1.19.0/STM32CubeIDE/plugins/com.st.stm32cube.ide.mcu.externaltools.gnu-tools-for-stm32.13.3.rel1.win32_1.0.0.202411081344/tools/bin/../lib/gcc/arm-none-eabi/13.3.1/thumb/v7-m/nofp\libgcc.a(_arm_addsubsf3.o)
                0x08000ac8                __aeabi_frsub
                0x08000ad0                __subsf3
                0x08000ad0                __aeabi_fsub
                0x08000ad4                __aeabi_fadd
                0x08000ad4                __addsf3
                0x08000c34                __aeabi_ui2f
                0x08000c34                __floatunsisf
                0x08000c3c                __aeabi_i2f
                0x08000c3c                __floatsisf
                0x08000c58                __aeabi_ul2f
                0x08000c58                __floatundisf
                0x08000c68                __aeabi_l2f
                0x08000c68                __floatdisf
 .text          0x08000ce4      0x2a0 D:/STM32CubeIDE_1.19.0/STM32CubeIDE/plugins/com.st.stm32cube.ide.mcu.externaltools.gnu-tools-for-stm32.13.3.rel1.win32_1.0.0.202411081344/tools/bin/../lib/gcc/arm-none-eabi/13.3.1/thumb/v7-m/nofp\libgcc.a(_arm_muldivsf3.o)
                0x08000ce4                __mulsf3
                0x08000ce4                __aeabi_fmul
                0x08000e4c                __aeabi_fdiv
                0x08000e4c                __divsf3
 *(.text*)
 .text.MPU6050_Init
                0x08000f84       0xa8 ./Core/Src/MPU6050.o
                0x08000f84                MPU6050_Init
 .text.MPU6050_Read_Accel
                0x0800102c       0xc0 ./Core/Src/MPU6050.o
                0x0800102c                MPU6050_Read_Accel
 .text.MPU6050_Read_Gyro
                0x080010ec       0xbc ./Core/Src/MPU6050.o
                0x080010ec                MPU6050_Read_Gyro
 .text.MPU6050_CalculateError
                0x080011a8      0x2ac ./Core/Src/MPU6050.o
                0x080011a8                MPU6050_CalculateError
 .text.HAL_UART_RxCpltCallback
                0x08001454       0x8c ./Core/Src/bluetooth_receiver.o
                0x08001454                HAL_UART_RxCpltCallback
 .text.Encoder_Init
                0x080014e0       0x30 ./Core/Src/encoder.o
                0x080014e0                Encoder_Init
 .text.MX_GPIO_Init
                0x08001510      0x140 ./Core/Src/gpio.o
                0x08001510                MX_GPIO_Init
 .text.MX_I2C1_Init
                0x08001650       0x5c ./Core/Src/i2c.o
                0x08001650                MX_I2C1_Init
 .text.HAL_I2C_MspInit
                0x080016ac       0xa0 ./Core/Src/i2c.o
                0x080016ac                HAL_I2C_MspInit
 .text.HAL_TIM_IC_CaptureCallback
                0x0800174c       0x30 ./Core/Src/main.o
                0x0800174c                HAL_TIM_IC_CaptureCallback
 .text.main     0x0800177c       0xf0 ./Core/Src/main.o
                0x0800177c                main
 .text.SystemClock_Config
                0x0800186c       0x8a ./Core/Src/main.o
                0x0800186c                SystemClock_Config
 .text.Error_Handler
                0x080018f6        0xc ./Core/Src/main.o
                0x080018f6                Error_Handler
 .text.SetMotor
                0x08001902       0x78 ./Core/Src/motor.o
 *fill*         0x0800197a        0x2 
 .text.Motor_Straight
                0x0800197c       0x58 ./Core/Src/motor.o
                0x0800197c                Motor_Straight
 .text.HAL_MspInit
                0x080019d4       0x64 ./Core/Src/stm32f1xx_hal_msp.o
                0x080019d4                HAL_MspInit
 .text.NMI_Handler
                0x08001a38        0x8 ./Core/Src/stm32f1xx_it.o
                0x08001a38                NMI_Handler
 .text.HardFault_Handler
                0x08001a40        0x8 ./Core/Src/stm32f1xx_it.o
                0x08001a40                HardFault_Handler
 .text.MemManage_Handler
                0x08001a48        0x8 ./Core/Src/stm32f1xx_it.o
                0x08001a48                MemManage_Handler
 .text.BusFault_Handler
                0x08001a50        0x8 ./Core/Src/stm32f1xx_it.o
                0x08001a50                BusFault_Handler
 .text.UsageFault_Handler
                0x08001a58        0x8 ./Core/Src/stm32f1xx_it.o
                0x08001a58                UsageFault_Handler
 .text.SVC_Handler
                0x08001a60        0xc ./Core/Src/stm32f1xx_it.o
                0x08001a60                SVC_Handler
 .text.DebugMon_Handler
                0x08001a6c        0xc ./Core/Src/stm32f1xx_it.o
                0x08001a6c                DebugMon_Handler
 .text.PendSV_Handler
                0x08001a78        0xc ./Core/Src/stm32f1xx_it.o
                0x08001a78                PendSV_Handler
 .text.SysTick_Handler
                0x08001a84       0x60 ./Core/Src/stm32f1xx_it.o
                0x08001a84                SysTick_Handler
 .text.TIM4_IRQHandler
                0x08001ae4       0x14 ./Core/Src/stm32f1xx_it.o
                0x08001ae4                TIM4_IRQHandler
 .text.USART1_IRQHandler
                0x08001af8       0x14 ./Core/Src/stm32f1xx_it.o
                0x08001af8                USART1_IRQHandler
 .text.SystemInit
                0x08001b0c        0xc ./Core/Src/system_stm32f1xx.o
                0x08001b0c                SystemInit
 .text.MX_TIM1_Init
                0x08001b18       0xa0 ./Core/Src/tim.o
                0x08001b18                MX_TIM1_Init
 .text.MX_TIM2_Init
                0x08001bb8      0x100 ./Core/Src/tim.o
                0x08001bb8                MX_TIM2_Init
 .text.MX_TIM3_Init
                0x08001cb8      0x100 ./Core/Src/tim.o
                0x08001cb8                MX_TIM3_Init
 .text.MX_TIM4_Init
                0x08001db8       0xe0 ./Core/Src/tim.o
                0x08001db8                MX_TIM4_Init
 .text.HAL_TIM_Base_MspInit
                0x08001e98      0x100 ./Core/Src/tim.o
                0x08001e98                HAL_TIM_Base_MspInit
 .text.HAL_TIM_MspPostInit
                0x08001f98       0xa4 ./Core/Src/tim.o
                0x08001f98                HAL_TIM_MspPostInit
 .text.MX_USART1_UART_Init
                0x0800203c       0x54 ./Core/Src/usart.o
                0x0800203c                MX_USART1_UART_Init
 .text.HAL_UART_MspInit
                0x08002090       0xa8 ./Core/Src/usart.o
                0x08002090                HAL_UART_MspInit
 .text.Reset_Handler
                0x08002138       0x48 ./Core/Startup/startup_stm32f103c8tx.o
                0x08002138                Reset_Handler
 .text.Default_Handler
                0x08002180        0x2 ./Core/Startup/startup_stm32f103c8tx.o
                0x08002180                RTC_Alarm_IRQHandler
                0x08002180                EXTI2_IRQHandler
                0x08002180                TIM1_CC_IRQHandler
                0x08002180                PVD_IRQHandler
                0x08002180                EXTI3_IRQHandler
                0x08002180                EXTI0_IRQHandler
                0x08002180                I2C2_EV_IRQHandler
                0x08002180                ADC1_2_IRQHandler
                0x08002180                SPI1_IRQHandler
                0x08002180                TAMPER_IRQHandler
                0x08002180                DMA1_Channel4_IRQHandler
                0x08002180                USART3_IRQHandler
                0x08002180                RTC_IRQHandler
                0x08002180                DMA1_Channel7_IRQHandler
                0x08002180                CAN1_RX1_IRQHandler
                0x08002180                I2C1_EV_IRQHandler
                0x08002180                DMA1_Channel6_IRQHandler
                0x08002180                TIM3_IRQHandler
                0x08002180                RCC_IRQHandler
                0x08002180                TIM1_TRG_COM_IRQHandler
                0x08002180                DMA1_Channel1_IRQHandler
                0x08002180                Default_Handler
                0x08002180                EXTI15_10_IRQHandler
                0x08002180                EXTI9_5_IRQHandler
                0x08002180                SPI2_IRQHandler
                0x08002180                DMA1_Channel5_IRQHandler
                0x08002180                EXTI4_IRQHandler
                0x08002180                USB_LP_CAN1_RX0_IRQHandler
                0x08002180                USB_HP_CAN1_TX_IRQHandler
                0x08002180                DMA1_Channel3_IRQHandler
                0x08002180                TIM1_UP_IRQHandler
                0x08002180                WWDG_IRQHandler
                0x08002180                TIM2_IRQHandler
                0x08002180                TIM1_BRK_IRQHandler
                0x08002180                EXTI1_IRQHandler
                0x08002180                USART2_IRQHandler
                0x08002180                I2C2_ER_IRQHandler
                0x08002180                DMA1_Channel2_IRQHandler
                0x08002180                CAN1_SCE_IRQHandler
                0x08002180                FLASH_IRQHandler
                0x08002180                I2C1_ER_IRQHandler
                0x08002180                USBWakeUp_IRQHandler
 *fill*         0x08002182        0x2 
 .text.HAL_Init
                0x08002184       0x2c ./Drivers/STM32F1xx_HAL_Driver/Src/stm32f1xx_hal.o
                0x08002184                HAL_Init
 .text.HAL_InitTick
                0x080021b0       0x60 ./Drivers/STM32F1xx_HAL_Driver/Src/stm32f1xx_hal.o
                0x080021b0                HAL_InitTick
 .text.HAL_IncTick
                0x08002210       0x24 ./Drivers/STM32F1xx_HAL_Driver/Src/stm32f1xx_hal.o
                0x08002210                HAL_IncTick
 .text.HAL_GetTick
                0x08002234       0x14 ./Drivers/STM32F1xx_HAL_Driver/Src/stm32f1xx_hal.o
                0x08002234                HAL_GetTick
 .text.HAL_Delay
                0x08002248       0x48 ./Drivers/STM32F1xx_HAL_Driver/Src/stm32f1xx_hal.o
                0x08002248                HAL_Delay
 .text.__NVIC_SetPriorityGrouping
                0x08002290       0x48 ./Drivers/STM32F1xx_HAL_Driver/Src/stm32f1xx_hal_cortex.o
 .text.__NVIC_GetPriorityGrouping
                0x080022d8       0x1c ./Drivers/STM32F1xx_HAL_Driver/Src/stm32f1xx_hal_cortex.o
 .text.__NVIC_EnableIRQ
                0x080022f4       0x38 ./Drivers/STM32F1xx_HAL_Driver/Src/stm32f1xx_hal_cortex.o
 .text.__NVIC_SetPriority
                0x0800232c       0x54 ./Drivers/STM32F1xx_HAL_Driver/Src/stm32f1xx_hal_cortex.o
 .text.NVIC_EncodePriority
                0x08002380       0x64 ./Drivers/STM32F1xx_HAL_Driver/Src/stm32f1xx_hal_cortex.o
 .text.SysTick_Config
                0x080023e4       0x44 ./Drivers/STM32F1xx_HAL_Driver/Src/stm32f1xx_hal_cortex.o
 .text.HAL_NVIC_SetPriorityGrouping
                0x08002428       0x16 ./Drivers/STM32F1xx_HAL_Driver/Src/stm32f1xx_hal_cortex.o
                0x08002428                HAL_NVIC_SetPriorityGrouping
 .text.HAL_NVIC_SetPriority
                0x0800243e       0x38 ./Drivers/STM32F1xx_HAL_Driver/Src/stm32f1xx_hal_cortex.o
                0x0800243e                HAL_NVIC_SetPriority
 .text.HAL_NVIC_EnableIRQ
                0x08002476       0x1c ./Drivers/STM32F1xx_HAL_Driver/Src/stm32f1xx_hal_cortex.o
                0x08002476                HAL_NVIC_EnableIRQ
 .text.HAL_SYSTICK_Config
                0x08002492       0x18 ./Drivers/STM32F1xx_HAL_Driver/Src/stm32f1xx_hal_cortex.o
                0x08002492                HAL_SYSTICK_Config
 .text.HAL_DMA_Abort
                0x080024aa       0x76 ./Drivers/STM32F1xx_HAL_Driver/Src/stm32f1xx_hal_dma.o
                0x080024aa                HAL_DMA_Abort
 .text.HAL_DMA_Abort_IT
                0x08002520       0xf0 ./Drivers/STM32F1xx_HAL_Driver/Src/stm32f1xx_hal_dma.o
                0x08002520                HAL_DMA_Abort_IT
 .text.HAL_GPIO_Init
                0x08002610      0x308 ./Drivers/STM32F1xx_HAL_Driver/Src/stm32f1xx_hal_gpio.o
                0x08002610                HAL_GPIO_Init
 .text.HAL_GPIO_WritePin
                0x08002918       0x30 ./Drivers/STM32F1xx_HAL_Driver/Src/stm32f1xx_hal_gpio.o
                0x08002918                HAL_GPIO_WritePin
 .text.HAL_I2C_Init
                0x08002948      0x288 ./Drivers/STM32F1xx_HAL_Driver/Src/stm32f1xx_hal_i2c.o
                0x08002948                HAL_I2C_Init
 .text.HAL_I2C_Mem_Write
                0x08002bd0      0x1f4 ./Drivers/STM32F1xx_HAL_Driver/Src/stm32f1xx_hal_i2c.o
                0x08002bd0                HAL_I2C_Mem_Write
 .text.HAL_I2C_Mem_Read
                0x08002dc4      0x4e8 ./Drivers/STM32F1xx_HAL_Driver/Src/stm32f1xx_hal_i2c.o
                0x08002dc4                HAL_I2C_Mem_Read
 .text.I2C_RequestMemoryWrite
                0x080032ac      0x12c ./Drivers/STM32F1xx_HAL_Driver/Src/stm32f1xx_hal_i2c.o
 .text.I2C_RequestMemoryRead
                0x080033d8      0x1d0 ./Drivers/STM32F1xx_HAL_Driver/Src/stm32f1xx_hal_i2c.o
 .text.I2C_WaitOnFlagUntilTimeout
                0x080035a8       0xf4 ./Drivers/STM32F1xx_HAL_Driver/Src/stm32f1xx_hal_i2c.o
 .text.I2C_WaitOnMasterAddressFlagUntilTimeout
                0x0800369c      0x140 ./Drivers/STM32F1xx_HAL_Driver/Src/stm32f1xx_hal_i2c.o
 .text.I2C_WaitOnTXEFlagUntilTimeout
                0x080037dc       0x90 ./Drivers/STM32F1xx_HAL_Driver/Src/stm32f1xx_hal_i2c.o
 .text.I2C_WaitOnBTFFlagUntilTimeout
                0x0800386c       0x90 ./Drivers/STM32F1xx_HAL_Driver/Src/stm32f1xx_hal_i2c.o
 .text.I2C_WaitOnRXNEFlagUntilTimeout
                0x080038fc       0xba ./Drivers/STM32F1xx_HAL_Driver/Src/stm32f1xx_hal_i2c.o
 .text.I2C_IsAcknowledgeFailed
                0x080039b6       0x5c ./Drivers/STM32F1xx_HAL_Driver/Src/stm32f1xx_hal_i2c.o
 *fill*         0x08003a12        0x2 
 .text.HAL_RCC_OscConfig
                0x08003a14      0x504 ./Drivers/STM32F1xx_HAL_Driver/Src/stm32f1xx_hal_rcc.o
                0x08003a14                HAL_RCC_OscConfig
 .text.HAL_RCC_ClockConfig
                0x08003f18      0x1d4 ./Drivers/STM32F1xx_HAL_Driver/Src/stm32f1xx_hal_rcc.o
                0x08003f18                HAL_RCC_ClockConfig
 .text.HAL_RCC_GetSysClockFreq
                0x080040ec       0xa8 ./Drivers/STM32F1xx_HAL_Driver/Src/stm32f1xx_hal_rcc.o
                0x080040ec                HAL_RCC_GetSysClockFreq
 .text.HAL_RCC_GetHCLKFreq
                0x08004194       0x14 ./Drivers/STM32F1xx_HAL_Driver/Src/stm32f1xx_hal_rcc.o
                0x08004194                HAL_RCC_GetHCLKFreq
 .text.HAL_RCC_GetPCLK1Freq
                0x080041a8       0x28 ./Drivers/STM32F1xx_HAL_Driver/Src/stm32f1xx_hal_rcc.o
                0x080041a8                HAL_RCC_GetPCLK1Freq
 .text.HAL_RCC_GetPCLK2Freq
                0x080041d0       0x28 ./Drivers/STM32F1xx_HAL_Driver/Src/stm32f1xx_hal_rcc.o
                0x080041d0                HAL_RCC_GetPCLK2Freq
 .text.RCC_Delay
                0x080041f8       0x3c ./Drivers/STM32F1xx_HAL_Driver/Src/stm32f1xx_hal_rcc.o
 .text.HAL_TIM_Base_Init
                0x08004234       0x9e ./Drivers/STM32F1xx_HAL_Driver/Src/stm32f1xx_hal_tim.o
                0x08004234                HAL_TIM_Base_Init
 *fill*         0x080042d2        0x2 
 .text.HAL_TIM_Base_Start
                0x080042d4       0x94 ./Drivers/STM32F1xx_HAL_Driver/Src/stm32f1xx_hal_tim.o
                0x080042d4                HAL_TIM_Base_Start
 .text.HAL_TIM_PWM_Init
                0x08004368       0x9e ./Drivers/STM32F1xx_HAL_Driver/Src/stm32f1xx_hal_tim.o
                0x08004368                HAL_TIM_PWM_Init
 .text.HAL_TIM_PWM_MspInit
                0x08004406       0x12 ./Drivers/STM32F1xx_HAL_Driver/Src/stm32f1xx_hal_tim.o
                0x08004406                HAL_TIM_PWM_MspInit
 .text.HAL_TIM_PWM_Start
                0x08004418      0x144 ./Drivers/STM32F1xx_HAL_Driver/Src/stm32f1xx_hal_tim.o
                0x08004418                HAL_TIM_PWM_Start
 .text.HAL_TIM_IC_Init
                0x0800455c       0x9e ./Drivers/STM32F1xx_HAL_Driver/Src/stm32f1xx_hal_tim.o
                0x0800455c                HAL_TIM_IC_Init
 .text.HAL_TIM_IC_MspInit
                0x080045fa       0x12 ./Drivers/STM32F1xx_HAL_Driver/Src/stm32f1xx_hal_tim.o
                0x080045fa                HAL_TIM_IC_MspInit
 .text.HAL_TIM_Encoder_Start_IT
                0x0800460c      0x15c ./Drivers/STM32F1xx_HAL_Driver/Src/stm32f1xx_hal_tim.o
                0x0800460c                HAL_TIM_Encoder_Start_IT
 .text.HAL_TIM_IRQHandler
                0x08004768      0x1e0 ./Drivers/STM32F1xx_HAL_Driver/Src/stm32f1xx_hal_tim.o
                0x08004768                HAL_TIM_IRQHandler
 .text.HAL_TIM_IC_ConfigChannel
                0x08004948      0x138 ./Drivers/STM32F1xx_HAL_Driver/Src/stm32f1xx_hal_tim.o
                0x08004948                HAL_TIM_IC_ConfigChannel
 .text.HAL_TIM_PWM_ConfigChannel
                0x08004a80      0x184 ./Drivers/STM32F1xx_HAL_Driver/Src/stm32f1xx_hal_tim.o
                0x08004a80                HAL_TIM_PWM_ConfigChannel
 .text.HAL_TIM_ConfigClockSource
                0x08004c04      0x18e ./Drivers/STM32F1xx_HAL_Driver/Src/stm32f1xx_hal_tim.o
                0x08004c04                HAL_TIM_ConfigClockSource
 .text.HAL_TIM_PeriodElapsedCallback
                0x08004d92       0x12 ./Drivers/STM32F1xx_HAL_Driver/Src/stm32f1xx_hal_tim.o
                0x08004d92                HAL_TIM_PeriodElapsedCallback
 .text.HAL_TIM_OC_DelayElapsedCallback
                0x08004da4       0x12 ./Drivers/STM32F1xx_HAL_Driver/Src/stm32f1xx_hal_tim.o
                0x08004da4                HAL_TIM_OC_DelayElapsedCallback
 .text.HAL_TIM_PWM_PulseFinishedCallback
                0x08004db6       0x12 ./Drivers/STM32F1xx_HAL_Driver/Src/stm32f1xx_hal_tim.o
                0x08004db6                HAL_TIM_PWM_PulseFinishedCallback
 .text.HAL_TIM_TriggerCallback
                0x08004dc8       0x12 ./Drivers/STM32F1xx_HAL_Driver/Src/stm32f1xx_hal_tim.o
                0x08004dc8                HAL_TIM_TriggerCallback
 *fill*         0x08004dda        0x2 
 .text.TIM_Base_SetConfig
                0x08004ddc       0xdc ./Drivers/STM32F1xx_HAL_Driver/Src/stm32f1xx_hal_tim.o
                0x08004ddc                TIM_Base_SetConfig
 .text.TIM_OC1_SetConfig
                0x08004eb8       0xcc ./Drivers/STM32F1xx_HAL_Driver/Src/stm32f1xx_hal_tim.o
 .text.TIM_OC2_SetConfig
                0x08004f84       0xd4 ./Drivers/STM32F1xx_HAL_Driver/Src/stm32f1xx_hal_tim.o
                0x08004f84                TIM_OC2_SetConfig
 .text.TIM_OC3_SetConfig
                0x08005058       0xd4 ./Drivers/STM32F1xx_HAL_Driver/Src/stm32f1xx_hal_tim.o
 .text.TIM_OC4_SetConfig
                0x0800512c       0x9c ./Drivers/STM32F1xx_HAL_Driver/Src/stm32f1xx_hal_tim.o
 .text.TIM_TI1_SetConfig
                0x080051c8       0xb4 ./Drivers/STM32F1xx_HAL_Driver/Src/stm32f1xx_hal_tim.o
                0x080051c8                TIM_TI1_SetConfig
 .text.TIM_TI1_ConfigInputStage
                0x0800527c       0x5c ./Drivers/STM32F1xx_HAL_Driver/Src/stm32f1xx_hal_tim.o
 .text.TIM_TI2_SetConfig
                0x080052d8       0x78 ./Drivers/STM32F1xx_HAL_Driver/Src/stm32f1xx_hal_tim.o
 .text.TIM_TI2_ConfigInputStage
                0x08005350       0x5e ./Drivers/STM32F1xx_HAL_Driver/Src/stm32f1xx_hal_tim.o
 .text.TIM_TI3_SetConfig
                0x080053ae       0x76 ./Drivers/STM32F1xx_HAL_Driver/Src/stm32f1xx_hal_tim.o
 .text.TIM_TI4_SetConfig
                0x08005424       0x78 ./Drivers/STM32F1xx_HAL_Driver/Src/stm32f1xx_hal_tim.o
 .text.TIM_ITRx_SetConfig
                0x0800549c       0x34 ./Drivers/STM32F1xx_HAL_Driver/Src/stm32f1xx_hal_tim.o
 .text.TIM_ETR_SetConfig
                0x080054d0       0x3e ./Drivers/STM32F1xx_HAL_Driver/Src/stm32f1xx_hal_tim.o
                0x080054d0                TIM_ETR_SetConfig
 .text.TIM_CCxChannelCmd
                0x0800550e       0x48 ./Drivers/STM32F1xx_HAL_Driver/Src/stm32f1xx_hal_tim.o
                0x0800550e                TIM_CCxChannelCmd
 *fill*         0x08005556        0x2 
 .text.HAL_TIMEx_MasterConfigSynchronization
                0x08005558       0xbc ./Drivers/STM32F1xx_HAL_Driver/Src/stm32f1xx_hal_tim_ex.o
                0x08005558                HAL_TIMEx_MasterConfigSynchronization
 .text.HAL_TIMEx_CommutCallback
                0x08005614       0x12 ./Drivers/STM32F1xx_HAL_Driver/Src/stm32f1xx_hal_tim_ex.o
                0x08005614                HAL_TIMEx_CommutCallback
 .text.HAL_TIMEx_BreakCallback
                0x08005626       0x12 ./Drivers/STM32F1xx_HAL_Driver/Src/stm32f1xx_hal_tim_ex.o
                0x08005626                HAL_TIMEx_BreakCallback
 .text.HAL_UART_Init
                0x08005638       0xa0 ./Drivers/STM32F1xx_HAL_Driver/Src/stm32f1xx_hal_uart.o
                0x08005638                HAL_UART_Init
 .text.HAL_UART_Receive_IT
                0x080056d8       0x4a ./Drivers/STM32F1xx_HAL_Driver/Src/stm32f1xx_hal_uart.o
                0x080056d8                HAL_UART_Receive_IT
 *fill*         0x08005722        0x2 
 .text.HAL_UART_IRQHandler
                0x08005724      0x524 ./Drivers/STM32F1xx_HAL_Driver/Src/stm32f1xx_hal_uart.o
                0x08005724                HAL_UART_IRQHandler
 .text.HAL_UART_TxCpltCallback
                0x08005c48       0x12 ./Drivers/STM32F1xx_HAL_Driver/Src/stm32f1xx_hal_uart.o
                0x08005c48                HAL_UART_TxCpltCallback
 .text.HAL_UART_ErrorCallback
                0x08005c5a       0x12 ./Drivers/STM32F1xx_HAL_Driver/Src/stm32f1xx_hal_uart.o
                0x08005c5a                HAL_UART_ErrorCallback
 .text.HAL_UARTEx_RxEventCallback
                0x08005c6c       0x16 ./Drivers/STM32F1xx_HAL_Driver/Src/stm32f1xx_hal_uart.o
                0x08005c6c                HAL_UARTEx_RxEventCallback
 .text.UART_Start_Receive_IT
                0x08005c82       0x72 ./Drivers/STM32F1xx_HAL_Driver/Src/stm32f1xx_hal_uart.o
                0x08005c82                UART_Start_Receive_IT
 .text.UART_EndRxTransfer
                0x08005cf4       0xc4 ./Drivers/STM32F1xx_HAL_Driver/Src/stm32f1xx_hal_uart.o
 .text.UART_DMAAbortOnError
                0x08005db8       0x28 ./Drivers/STM32F1xx_HAL_Driver/Src/stm32f1xx_hal_uart.o
 .text.UART_Transmit_IT
                0x08005de0       0x9e ./Drivers/STM32F1xx_HAL_Driver/Src/stm32f1xx_hal_uart.o
 .text.UART_EndTransmit_IT
                0x08005e7e       0x30 ./Drivers/STM32F1xx_HAL_Driver/Src/stm32f1xx_hal_uart.o
 .text.UART_Receive_IT
                0x08005eae      0x17c ./Drivers/STM32F1xx_HAL_Driver/Src/stm32f1xx_hal_uart.o
 *fill*         0x0800602a        0x2 
 .text.UART_SetConfig
                0x0800602c      0x11c ./Drivers/STM32F1xx_HAL_Driver/Src/stm32f1xx_hal_uart.o
 .text.memset   0x08006148       0x10 D:/STM32CubeIDE_1.19.0/STM32CubeIDE/plugins/com.st.stm32cube.ide.mcu.externaltools.gnu-tools-for-stm32.13.3.rel1.win32_1.0.0.202411081344/tools/bin/../lib/gcc/arm-none-eabi/13.3.1/../../../../arm-none-eabi/lib/thumb/v7-m/nofp\libc_nano.a(libc_a-memset.o)
                0x08006148                memset
 .text.__errno  0x08006158        0xc D:/STM32CubeIDE_1.19.0/STM32CubeIDE/plugins/com.st.stm32cube.ide.mcu.externaltools.gnu-tools-for-stm32.13.3.rel1.win32_1.0.0.202411081344/tools/bin/../lib/gcc/arm-none-eabi/13.3.1/../../../../arm-none-eabi/lib/thumb/v7-m/nofp\libc_nano.a(libc_a-errno.o)
                0x08006158                __errno
 .text.__libc_init_array
                0x08006164       0x48 D:/STM32CubeIDE_1.19.0/STM32CubeIDE/plugins/com.st.stm32cube.ide.mcu.externaltools.gnu-tools-for-stm32.13.3.rel1.win32_1.0.0.202411081344/tools/bin/../lib/gcc/arm-none-eabi/13.3.1/../../../../arm-none-eabi/lib/thumb/v7-m/nofp\libc_nano.a(libc_a-init.o)
                0x08006164                __libc_init_array
 .text.sqrt     0x080061ac       0x48 D:/STM32CubeIDE_1.19.0/STM32CubeIDE/plugins/com.st.stm32cube.ide.mcu.externaltools.gnu-tools-for-stm32.13.3.rel1.win32_1.0.0.202411081344/tools/bin/../lib/gcc/arm-none-eabi/13.3.1/../../../../arm-none-eabi/lib/thumb/v7-m/nofp\libm.a(libm_a-w_sqrt.o)
                0x080061ac                sqrt
 *fill*         0x080061f4        0x4 
 .text.atan     0x080061f8      0x320 D:/STM32CubeIDE_1.19.0/STM32CubeIDE/plugins/com.st.stm32cube.ide.mcu.externaltools.gnu-tools-for-stm32.13.3.rel1.win32_1.0.0.202411081344/tools/bin/../lib/gcc/arm-none-eabi/13.3.1/../../../../arm-none-eabi/lib/thumb/v7-m/nofp\libm.a(libm_a-s_atan.o)
                0x080061f8                atan
 .text.fabs     0x08006518        0x8 D:/STM32CubeIDE_1.19.0/STM32CubeIDE/plugins/com.st.stm32cube.ide.mcu.externaltools.gnu-tools-for-stm32.13.3.rel1.win32_1.0.0.202411081344/tools/bin/../lib/gcc/arm-none-eabi/13.3.1/../../../../arm-none-eabi/lib/thumb/v7-m/nofp\libm.a(libm_a-s_fabs.o)
                0x08006518                fabs
 .text.__ieee754_sqrt
                0x08006520      0x1a4 D:/STM32CubeIDE_1.19.0/STM32CubeIDE/plugins/com.st.stm32cube.ide.mcu.externaltools.gnu-tools-for-stm32.13.3.rel1.win32_1.0.0.202411081344/tools/bin/../lib/gcc/arm-none-eabi/13.3.1/../../../../arm-none-eabi/lib/thumb/v7-m/nofp\libm.a(libm_a-e_sqrt.o)
                0x08006520                __ieee754_sqrt
 *(.glue_7)
 .glue_7        0x080066c4        0x0 linker stubs
 *(.glue_7t)
 .glue_7t       0x080066c4        0x0 linker stubs
 *(.eh_frame)
 .eh_frame      0x080066c4        0x0 D:/STM32CubeIDE_1.19.0/STM32CubeIDE/plugins/com.st.stm32cube.ide.mcu.externaltools.gnu-tools-for-stm32.13.3.rel1.win32_1.0.0.202411081344/tools/bin/../lib/gcc/arm-none-eabi/13.3.1/thumb/v7-m/nofp/crtbegin.o
 *(.init)
 .init          0x080066c4        0x4 D:/STM32CubeIDE_1.19.0/STM32CubeIDE/plugins/com.st.stm32cube.ide.mcu.externaltools.gnu-tools-for-stm32.13.3.rel1.win32_1.0.0.202411081344/tools/bin/../lib/gcc/arm-none-eabi/13.3.1/thumb/v7-m/nofp/crti.o
                0x080066c4                _init
 .init          0x080066c8        0x8 D:/STM32CubeIDE_1.19.0/STM32CubeIDE/plugins/com.st.stm32cube.ide.mcu.externaltools.gnu-tools-for-stm32.13.3.rel1.win32_1.0.0.202411081344/tools/bin/../lib/gcc/arm-none-eabi/13.3.1/thumb/v7-m/nofp/crtn.o
 *(.fini)
 .fini          0x080066d0        0x4 D:/STM32CubeIDE_1.19.0/STM32CubeIDE/plugins/com.st.stm32cube.ide.mcu.externaltools.gnu-tools-for-stm32.13.3.rel1.win32_1.0.0.202411081344/tools/bin/../lib/gcc/arm-none-eabi/13.3.1/thumb/v7-m/nofp/crti.o
                0x080066d0                _fini
 .fini          0x080066d4        0x8 D:/STM32CubeIDE_1.19.0/STM32CubeIDE/plugins/com.st.stm32cube.ide.mcu.externaltools.gnu-tools-for-stm32.13.3.rel1.win32_1.0.0.202411081344/tools/bin/../lib/gcc/arm-none-eabi/13.3.1/thumb/v7-m/nofp/crtn.o
                0x080066dc                        . = ALIGN (0x4)
                0x080066dc                        _etext = .

.vfp11_veneer   0x080066dc        0x0
 .vfp11_veneer  0x080066dc        0x0 linker stubs

.v4_bx          0x080066dc        0x0
 .v4_bx         0x080066dc        0x0 linker stubs

.iplt           0x080066dc        0x0
 .iplt          0x080066dc        0x0 D:/STM32CubeIDE_1.19.0/STM32CubeIDE/plugins/com.st.stm32cube.ide.mcu.externaltools.gnu-tools-for-stm32.13.3.rel1.win32_1.0.0.202411081344/tools/bin/../lib/gcc/arm-none-eabi/13.3.1/thumb/v7-m/nofp/crtbegin.o

.rodata         0x080066e0       0xc0
                0x080066e0                        . = ALIGN (0x4)
 *(.rodata)
 .rodata        0x080066e0       0x35 ./Core/Src/bluetooth_receiver.o
 *fill*         0x08006715        0x3 
 .rodata        0x08006718        0xa ./Core/Src/global.o
 *(.rodata*)
 *fill*         0x08006722        0x2 
 .rodata.AHBPrescTable
                0x08006724       0x10 ./Core/Src/system_stm32f1xx.o
                0x08006724                AHBPrescTable
 .rodata.APBPrescTable
                0x08006734        0x8 ./Core/Src/system_stm32f1xx.o
                0x08006734                APBPrescTable
 .rodata.aPLLMULFactorTable.1
                0x0800673c       0x10 ./Drivers/STM32F1xx_HAL_Driver/Src/stm32f1xx_hal_rcc.o
 .rodata.aPredivFactorTable.0
                0x0800674c        0x2 ./Drivers/STM32F1xx_HAL_Driver/Src/stm32f1xx_hal_rcc.o
 *fill*         0x0800674e        0x2 
 .rodata.atanlo
                0x08006750       0x20 D:/STM32CubeIDE_1.19.0/STM32CubeIDE/plugins/com.st.stm32cube.ide.mcu.externaltools.gnu-tools-for-stm32.13.3.rel1.win32_1.0.0.202411081344/tools/bin/../lib/gcc/arm-none-eabi/13.3.1/../../../../arm-none-eabi/lib/thumb/v7-m/nofp\libm.a(libm_a-s_atan.o)
 .rodata.atanhi
                0x08006770       0x20 D:/STM32CubeIDE_1.19.0/STM32CubeIDE/plugins/com.st.stm32cube.ide.mcu.externaltools.gnu-tools-for-stm32.13.3.rel1.win32_1.0.0.202411081344/tools/bin/../lib/gcc/arm-none-eabi/13.3.1/../../../../arm-none-eabi/lib/thumb/v7-m/nofp\libm.a(libm_a-s_atan.o)
 .rodata.tiny   0x08006790        0x8 D:/STM32CubeIDE_1.19.0/STM32CubeIDE/plugins/com.st.stm32cube.ide.mcu.externaltools.gnu-tools-for-stm32.13.3.rel1.win32_1.0.0.202411081344/tools/bin/../lib/gcc/arm-none-eabi/13.3.1/../../../../arm-none-eabi/lib/thumb/v7-m/nofp\libm.a(libm_a-e_sqrt.o)
 .rodata.one    0x08006798        0x8 D:/STM32CubeIDE_1.19.0/STM32CubeIDE/plugins/com.st.stm32cube.ide.mcu.externaltools.gnu-tools-for-stm32.13.3.rel1.win32_1.0.0.202411081344/tools/bin/../lib/gcc/arm-none-eabi/13.3.1/../../../../arm-none-eabi/lib/thumb/v7-m/nofp\libm.a(libm_a-e_sqrt.o)
                0x080067a0                        . = ALIGN (0x4)

.ARM.extab      0x080067a0        0x0
                0x080067a0                        . = ALIGN (0x4)
 *(.ARM.extab* .gnu.linkonce.armextab.*)
                0x080067a0                        . = ALIGN (0x4)

.ARM            0x080067a0        0x0
                0x080067a0                        . = ALIGN (0x4)
                0x080067a0                        __exidx_start = .
 *(.ARM.exidx*)
                0x080067a0                        __exidx_end = .
                0x080067a0                        . = ALIGN (0x4)

.preinit_array  0x080067a0        0x0
                0x080067a0                        . = ALIGN (0x4)
                0x080067a0                        PROVIDE (__preinit_array_start = .)
 *(.preinit_array*)
                0x080067a0                        PROVIDE (__preinit_array_end = .)
                0x080067a0                        . = ALIGN (0x4)

.init_array     0x080067a0        0x4
                0x080067a0                        . = ALIGN (0x4)
                0x080067a0                        PROVIDE (__init_array_start = .)
 *(SORT_BY_NAME(.init_array.*))
 *(.init_array*)
 .init_array    0x080067a0        0x4 D:/STM32CubeIDE_1.19.0/STM32CubeIDE/plugins/com.st.stm32cube.ide.mcu.externaltools.gnu-tools-for-stm32.13.3.rel1.win32_1.0.0.202411081344/tools/bin/../lib/gcc/arm-none-eabi/13.3.1/thumb/v7-m/nofp/crtbegin.o
                0x080067a4                        PROVIDE (__init_array_end = .)
                0x080067a4                        . = ALIGN (0x4)

.fini_array     0x080067a4        0x4
                0x080067a4                        . = ALIGN (0x4)
                [!provide]                        PROVIDE (__fini_array_start = .)
 *(SORT_BY_NAME(.fini_array.*))
 *(.fini_array*)
 .fini_array    0x080067a4        0x4 D:/STM32CubeIDE_1.19.0/STM32CubeIDE/plugins/com.st.stm32cube.ide.mcu.externaltools.gnu-tools-for-stm32.13.3.rel1.win32_1.0.0.202411081344/tools/bin/../lib/gcc/arm-none-eabi/13.3.1/thumb/v7-m/nofp/crtbegin.o
                [!provide]                        PROVIDE (__fini_array_end = .)
                0x080067a8                        . = ALIGN (0x4)
                0x080067a8                        _sidata = LOADADDR (.data)

.rel.dyn        0x080067a8        0x0
 .rel.iplt      0x080067a8        0x0 D:/STM32CubeIDE_1.19.0/STM32CubeIDE/plugins/com.st.stm32cube.ide.mcu.externaltools.gnu-tools-for-stm32.13.3.rel1.win32_1.0.0.202411081344/tools/bin/../lib/gcc/arm-none-eabi/13.3.1/thumb/v7-m/nofp/crtbegin.o

.data           0x20000000       0x64 load address 0x080067a8
                0x20000000                        . = ALIGN (0x4)
                0x20000000                        _sdata = .
 *(.data)
 *(.data*)
 .data.statusText
                0x20000000        0x4 ./Core/Src/global.o
                0x20000000                statusText
 .data.currentRoute
                0x20000004        0x1 ./Core/Src/path_planning.o
                0x20000004                currentRoute
 *fill*         0x20000005        0x3 
 .data.SystemCoreClock
                0x20000008        0x4 ./Core/Src/system_stm32f1xx.o
                0x20000008                SystemCoreClock
 .data.uwTickPrio
                0x2000000c        0x4 ./Drivers/STM32F1xx_HAL_Driver/Src/stm32f1xx_hal.o
                0x2000000c                uwTickPrio
 .data.uwTickFreq
                0x20000010        0x1 ./Drivers/STM32F1xx_HAL_Driver/Src/stm32f1xx_hal.o
                0x20000010                uwTickFreq
 *fill*         0x20000011        0x3 
 .data._impure_ptr
                0x20000014        0x4 D:/STM32CubeIDE_1.19.0/STM32CubeIDE/plugins/com.st.stm32cube.ide.mcu.externaltools.gnu-tools-for-stm32.13.3.rel1.win32_1.0.0.202411081344/tools/bin/../lib/gcc/arm-none-eabi/13.3.1/../../../../arm-none-eabi/lib/thumb/v7-m/nofp\libc_nano.a(libc_a-impure.o)
                0x20000014                _impure_ptr
 .data._impure_data
                0x20000018       0x4c D:/STM32CubeIDE_1.19.0/STM32CubeIDE/plugins/com.st.stm32cube.ide.mcu.externaltools.gnu-tools-for-stm32.13.3.rel1.win32_1.0.0.202411081344/tools/bin/../lib/gcc/arm-none-eabi/13.3.1/../../../../arm-none-eabi/lib/thumb/v7-m/nofp\libc_nano.a(libc_a-impure.o)
                0x20000018                _impure_data
 *(.RamFunc)
 *(.RamFunc*)
                0x20000064                        . = ALIGN (0x4)
                0x20000064                        _edata = .

.igot.plt       0x20000064        0x0 load address 0x0800680c
 .igot.plt      0x20000064        0x0 D:/STM32CubeIDE_1.19.0/STM32CubeIDE/plugins/com.st.stm32cube.ide.mcu.externaltools.gnu-tools-for-stm32.13.3.rel1.win32_1.0.0.202411081344/tools/bin/../lib/gcc/arm-none-eabi/13.3.1/thumb/v7-m/nofp/crtbegin.o
                0x20000064                        . = ALIGN (0x4)

.bss            0x20000068      0x378 load address 0x0800680c
                0x20000068                        _sbss = .
                0x20000068                        __bss_start__ = _sbss
 *(.bss)
 .bss           0x20000068       0x1c D:/STM32CubeIDE_1.19.0/STM32CubeIDE/plugins/com.st.stm32cube.ide.mcu.externaltools.gnu-tools-for-stm32.13.3.rel1.win32_1.0.0.202411081344/tools/bin/../lib/gcc/arm-none-eabi/13.3.1/thumb/v7-m/nofp/crtbegin.o
 *(.bss*)
 .bss.Ax        0x20000084        0x4 ./Core/Src/MPU6050.o
 .bss.Ay        0x20000088        0x4 ./Core/Src/MPU6050.o
 .bss.Az        0x2000008c        0x4 ./Core/Src/MPU6050.o
 .bss.Gx        0x20000090        0x4 ./Core/Src/MPU6050.o
 .bss.Gy        0x20000094        0x4 ./Core/Src/MPU6050.o
 .bss.Gz        0x20000098        0x4 ./Core/Src/MPU6050.o
 *fill*         0x2000009c        0x4 
 .bss.AccErrorX
                0x200000a0        0x8 ./Core/Src/MPU6050.o
 .bss.AccErrorY
                0x200000a8        0x8 ./Core/Src/MPU6050.o
 .bss.GyroErrorX
                0x200000b0        0x8 ./Core/Src/MPU6050.o
 .bss.GyroErrorY
                0x200000b8        0x8 ./Core/Src/MPU6050.o
 .bss.GyroErrorZ
                0x200000c0        0x8 ./Core/Src/MPU6050.o
 .bss.isDriving
                0x200000c8        0x1 ./Core/Src/global.o
                0x200000c8                isDriving
 .bss.r_data    0x200000c9        0x1 ./Core/Src/global.o
                0x200000c9                r_data
 *fill*         0x200000ca        0x2 
 .bss.counter   0x200000cc        0x4 ./Core/Src/global.o
                0x200000cc                counter
 .bss.speed     0x200000d0        0x4 ./Core/Src/global.o
                0x200000d0                speed
 .bss.rpm       0x200000d4        0x4 ./Core/Src/global.o
                0x200000d4                rpm
 .bss.circumference_mm
                0x200000d8        0x2 ./Core/Src/global.o
                0x200000d8                circumference_mm
 .bss.distance_per_pulse_mm
                0x200000da        0x2 ./Core/Src/global.o
                0x200000da                distance_per_pulse_mm
 .bss.hi2c1     0x200000dc       0x54 ./Core/Src/i2c.o
                0x200000dc                hi2c1
 .bss.state     0x20000130        0x1 ./Core/Src/path_planning.o
                0x20000130                state
 *fill*         0x20000131        0x3 
 .bss.count     0x20000134        0x4 ./Core/Src/stm32f1xx_it.o
                0x20000134                count
 .bss.oldcounter
                0x20000138        0x4 ./Core/Src/stm32f1xx_it.o
                0x20000138                oldcounter
 .bss.htim1     0x2000013c       0x48 ./Core/Src/tim.o
                0x2000013c                htim1
 .bss.htim2     0x20000184       0x48 ./Core/Src/tim.o
                0x20000184                htim2
 .bss.htim3     0x200001cc       0x48 ./Core/Src/tim.o
                0x200001cc                htim3
 .bss.htim4     0x20000214       0x48 ./Core/Src/tim.o
                0x20000214                htim4
 .bss.huart1    0x2000025c       0x48 ./Core/Src/usart.o
                0x2000025c                huart1
 .bss.uwTick    0x200002a4        0x4 ./Drivers/STM32F1xx_HAL_Driver/Src/stm32f1xx_hal.o
                0x200002a4                uwTick
 .bss.__sf      0x200002a8      0x138 D:/STM32CubeIDE_1.19.0/STM32CubeIDE/plugins/com.st.stm32cube.ide.mcu.externaltools.gnu-tools-for-stm32.13.3.rel1.win32_1.0.0.202411081344/tools/bin/../lib/gcc/arm-none-eabi/13.3.1/../../../../arm-none-eabi/lib/thumb/v7-m/nofp\libc_nano.a(libc_a-findfp.o)
                0x200002a8                __sf
 *(COMMON)
                0x200003e0                        . = ALIGN (0x4)
                0x200003e0                        _ebss = .
                0x200003e0                        __bss_end__ = _ebss

._user_heap_stack
                0x200003e0      0x600 load address 0x0800680c
                0x200003e0                        . = ALIGN (0x8)
                [!provide]                        PROVIDE (end = .)
                0x200003e0                        PROVIDE (_end = .)
                0x200005e0                        . = (. + _Min_Heap_Size)
 *fill*         0x200003e0      0x200 
                0x200009e0                        . = (. + _Min_Stack_Size)
 *fill*         0x200005e0      0x400 
                0x200009e0                        . = ALIGN (0x8)

/DISCARD/
 libc.a(*)
 libm.a(*)
 libgcc.a(*)

.ARM.attributes
                0x00000000       0x29
 *(.ARM.attributes)
 .ARM.attributes
                0x00000000       0x1d D:/STM32CubeIDE_1.19.0/STM32CubeIDE/plugins/com.st.stm32cube.ide.mcu.externaltools.gnu-tools-for-stm32.13.3.rel1.win32_1.0.0.202411081344/tools/bin/../lib/gcc/arm-none-eabi/13.3.1/thumb/v7-m/nofp/crti.o
 .ARM.attributes
                0x0000001d       0x2d D:/STM32CubeIDE_1.19.0/STM32CubeIDE/plugins/com.st.stm32cube.ide.mcu.externaltools.gnu-tools-for-stm32.13.3.rel1.win32_1.0.0.202411081344/tools/bin/../lib/gcc/arm-none-eabi/13.3.1/thumb/v7-m/nofp/crtbegin.o
 .ARM.attributes
                0x0000004a       0x2d ./Core/Src/MPU6050.o
 .ARM.attributes
                0x00000077       0x2d ./Core/Src/bluetooth_receiver.o
 .ARM.attributes
                0x000000a4       0x2d ./Core/Src/encoder.o
 .ARM.attributes
                0x000000d1       0x2d ./Core/Src/global.o
 .ARM.attributes
                0x000000fe       0x2d ./Core/Src/gpio.o
 .ARM.attributes
                0x0000012b       0x2d ./Core/Src/i2c.o
 .ARM.attributes
                0x00000158       0x2d ./Core/Src/main.o
 .ARM.attributes
                0x00000185       0x2d ./Core/Src/motor.o
 .ARM.attributes
                0x000001b2       0x2d ./Core/Src/path_planning.o
 .ARM.attributes
                0x000001df       0x2d ./Core/Src/stm32f1xx_hal_msp.o
 .ARM.attributes
                0x0000020c       0x2d ./Core/Src/stm32f1xx_it.o
 .ARM.attributes
                0x00000239       0x2d ./Core/Src/system_stm32f1xx.o
 .ARM.attributes
                0x00000266       0x2d ./Core/Src/tim.o
 .ARM.attributes
                0x00000293       0x2d ./Core/Src/usart.o
 .ARM.attributes
                0x000002c0       0x21 ./Core/Startup/startup_stm32f103c8tx.o
 .ARM.attributes
                0x000002e1       0x2d ./Drivers/STM32F1xx_HAL_Driver/Src/stm32f1xx_hal.o
 .ARM.attributes
                0x0000030e       0x2d ./Drivers/STM32F1xx_HAL_Driver/Src/stm32f1xx_hal_cortex.o
 .ARM.attributes
                0x0000033b       0x2d ./Drivers/STM32F1xx_HAL_Driver/Src/stm32f1xx_hal_dma.o
 .ARM.attributes
                0x00000368       0x2d ./Drivers/STM32F1xx_HAL_Driver/Src/stm32f1xx_hal_gpio.o
 .ARM.attributes
                0x00000395       0x2d ./Drivers/STM32F1xx_HAL_Driver/Src/stm32f1xx_hal_i2c.o
 .ARM.attributes
                0x000003c2       0x2d ./Drivers/STM32F1xx_HAL_Driver/Src/stm32f1xx_hal_rcc.o
 .ARM.attributes
                0x000003ef       0x2d ./Drivers/STM32F1xx_HAL_Driver/Src/stm32f1xx_hal_tim.o
 .ARM.attributes
                0x0000041c       0x2d ./Drivers/STM32F1xx_HAL_Driver/Src/stm32f1xx_hal_tim_ex.o
 .ARM.attributes
                0x00000449       0x2d ./Drivers/STM32F1xx_HAL_Driver/Src/stm32f1xx_hal_uart.o
 .ARM.attributes
                0x00000476       0x2d D:/STM32CubeIDE_1.19.0/STM32CubeIDE/plugins/com.st.stm32cube.ide.mcu.externaltools.gnu-tools-for-stm32.13.3.rel1.win32_1.0.0.202411081344/tools/bin/../lib/gcc/arm-none-eabi/13.3.1/../../../../arm-none-eabi/lib/thumb/v7-m/nofp\libc_nano.a(libc_a-findfp.o)
 .ARM.attributes
                0x000004a3       0x2d D:/STM32CubeIDE_1.19.0/STM32CubeIDE/plugins/com.st.stm32cube.ide.mcu.externaltools.gnu-tools-for-stm32.13.3.rel1.win32_1.0.0.202411081344/tools/bin/../lib/gcc/arm-none-eabi/13.3.1/../../../../arm-none-eabi/lib/thumb/v7-m/nofp\libc_nano.a(libc_a-memset.o)
 .ARM.attributes
                0x000004d0       0x2d D:/STM32CubeIDE_1.19.0/STM32CubeIDE/plugins/com.st.stm32cube.ide.mcu.externaltools.gnu-tools-for-stm32.13.3.rel1.win32_1.0.0.202411081344/tools/bin/../lib/gcc/arm-none-eabi/13.3.1/../../../../arm-none-eabi/lib/thumb/v7-m/nofp\libc_nano.a(libc_a-impure.o)
 .ARM.attributes
                0x000004fd       0x2d D:/STM32CubeIDE_1.19.0/STM32CubeIDE/plugins/com.st.stm32cube.ide.mcu.externaltools.gnu-tools-for-stm32.13.3.rel1.win32_1.0.0.202411081344/tools/bin/../lib/gcc/arm-none-eabi/13.3.1/../../../../arm-none-eabi/lib/thumb/v7-m/nofp\libc_nano.a(libc_a-errno.o)
 .ARM.attributes
                0x0000052a       0x2d D:/STM32CubeIDE_1.19.0/STM32CubeIDE/plugins/com.st.stm32cube.ide.mcu.externaltools.gnu-tools-for-stm32.13.3.rel1.win32_1.0.0.202411081344/tools/bin/../lib/gcc/arm-none-eabi/13.3.1/../../../../arm-none-eabi/lib/thumb/v7-m/nofp\libc_nano.a(libc_a-init.o)
 .ARM.attributes
                0x00000557       0x2d D:/STM32CubeIDE_1.19.0/STM32CubeIDE/plugins/com.st.stm32cube.ide.mcu.externaltools.gnu-tools-for-stm32.13.3.rel1.win32_1.0.0.202411081344/tools/bin/../lib/gcc/arm-none-eabi/13.3.1/../../../../arm-none-eabi/lib/thumb/v7-m/nofp\libm.a(libm_a-w_sqrt.o)
 .ARM.attributes
                0x00000584       0x2d D:/STM32CubeIDE_1.19.0/STM32CubeIDE/plugins/com.st.stm32cube.ide.mcu.externaltools.gnu-tools-for-stm32.13.3.rel1.win32_1.0.0.202411081344/tools/bin/../lib/gcc/arm-none-eabi/13.3.1/../../../../arm-none-eabi/lib/thumb/v7-m/nofp\libm.a(libm_a-s_atan.o)
 .ARM.attributes
                0x000005b1       0x2d D:/STM32CubeIDE_1.19.0/STM32CubeIDE/plugins/com.st.stm32cube.ide.mcu.externaltools.gnu-tools-for-stm32.13.3.rel1.win32_1.0.0.202411081344/tools/bin/../lib/gcc/arm-none-eabi/13.3.1/../../../../arm-none-eabi/lib/thumb/v7-m/nofp\libm.a(libm_a-s_fabs.o)
 .ARM.attributes
                0x000005de       0x2d D:/STM32CubeIDE_1.19.0/STM32CubeIDE/plugins/com.st.stm32cube.ide.mcu.externaltools.gnu-tools-for-stm32.13.3.rel1.win32_1.0.0.202411081344/tools/bin/../lib/gcc/arm-none-eabi/13.3.1/../../../../arm-none-eabi/lib/thumb/v7-m/nofp\libm.a(libm_a-e_sqrt.o)
 .ARM.attributes
                0x0000060b       0x1d D:/STM32CubeIDE_1.19.0/STM32CubeIDE/plugins/com.st.stm32cube.ide.mcu.externaltools.gnu-tools-for-stm32.13.3.rel1.win32_1.0.0.202411081344/tools/bin/../lib/gcc/arm-none-eabi/13.3.1/thumb/v7-m/nofp\libgcc.a(_arm_addsubdf3.o)
 .ARM.attributes
                0x00000628       0x1d D:/STM32CubeIDE_1.19.0/STM32CubeIDE/plugins/com.st.stm32cube.ide.mcu.externaltools.gnu-tools-for-stm32.13.3.rel1.win32_1.0.0.202411081344/tools/bin/../lib/gcc/arm-none-eabi/13.3.1/thumb/v7-m/nofp\libgcc.a(_arm_muldivdf3.o)
 .ARM.attributes
                0x00000645       0x1d D:/STM32CubeIDE_1.19.0/STM32CubeIDE/plugins/com.st.stm32cube.ide.mcu.externaltools.gnu-tools-for-stm32.13.3.rel1.win32_1.0.0.202411081344/tools/bin/../lib/gcc/arm-none-eabi/13.3.1/thumb/v7-m/nofp\libgcc.a(_arm_cmpdf2.o)
 .ARM.attributes
                0x00000662       0x1d D:/STM32CubeIDE_1.19.0/STM32CubeIDE/plugins/com.st.stm32cube.ide.mcu.externaltools.gnu-tools-for-stm32.13.3.rel1.win32_1.0.0.202411081344/tools/bin/../lib/gcc/arm-none-eabi/13.3.1/thumb/v7-m/nofp\libgcc.a(_arm_unorddf2.o)
 .ARM.attributes
                0x0000067f       0x1d D:/STM32CubeIDE_1.19.0/STM32CubeIDE/plugins/com.st.stm32cube.ide.mcu.externaltools.gnu-tools-for-stm32.13.3.rel1.win32_1.0.0.202411081344/tools/bin/../lib/gcc/arm-none-eabi/13.3.1/thumb/v7-m/nofp\libgcc.a(_arm_truncdfsf2.o)
 .ARM.attributes
                0x0000069c       0x1d D:/STM32CubeIDE_1.19.0/STM32CubeIDE/plugins/com.st.stm32cube.ide.mcu.externaltools.gnu-tools-for-stm32.13.3.rel1.win32_1.0.0.202411081344/tools/bin/../lib/gcc/arm-none-eabi/13.3.1/thumb/v7-m/nofp\libgcc.a(_arm_addsubsf3.o)
 .ARM.attributes
                0x000006b9       0x1d D:/STM32CubeIDE_1.19.0/STM32CubeIDE/plugins/com.st.stm32cube.ide.mcu.externaltools.gnu-tools-for-stm32.13.3.rel1.win32_1.0.0.202411081344/tools/bin/../lib/gcc/arm-none-eabi/13.3.1/thumb/v7-m/nofp\libgcc.a(_arm_muldivsf3.o)
 .ARM.attributes
                0x000006d6       0x1d D:/STM32CubeIDE_1.19.0/STM32CubeIDE/plugins/com.st.stm32cube.ide.mcu.externaltools.gnu-tools-for-stm32.13.3.rel1.win32_1.0.0.202411081344/tools/bin/../lib/gcc/arm-none-eabi/13.3.1/thumb/v7-m/nofp/crtn.o
OUTPUT(4motor.elf elf32-littlearm)
LOAD linker stubs
LOAD D:/STM32CubeIDE_1.19.0/STM32CubeIDE/plugins/com.st.stm32cube.ide.mcu.externaltools.gnu-tools-for-stm32.13.3.rel1.win32_1.0.0.202411081344/tools/bin/../lib/gcc/arm-none-eabi/13.3.1/../../../../arm-none-eabi/lib/thumb/v7-m/nofp\libc.a
LOAD D:/STM32CubeIDE_1.19.0/STM32CubeIDE/plugins/com.st.stm32cube.ide.mcu.externaltools.gnu-tools-for-stm32.13.3.rel1.win32_1.0.0.202411081344/tools/bin/../lib/gcc/arm-none-eabi/13.3.1/../../../../arm-none-eabi/lib/thumb/v7-m/nofp\libm.a
LOAD D:/STM32CubeIDE_1.19.0/STM32CubeIDE/plugins/com.st.stm32cube.ide.mcu.externaltools.gnu-tools-for-stm32.13.3.rel1.win32_1.0.0.202411081344/tools/bin/../lib/gcc/arm-none-eabi/13.3.1/thumb/v7-m/nofp\libgcc.a

.debug_info     0x00000000    0x10ee9
 .debug_info    0x00000000      0x9ad ./Core/Src/MPU6050.o
 .debug_info    0x000009ad      0x6d0 ./Core/Src/bluetooth_receiver.o
 .debug_info    0x0000107d      0x127 ./Core/Src/encoder.o
 .debug_info    0x000011a4      0x31a ./Core/Src/global.o
 .debug_info    0x000014be      0x2d3 ./Core/Src/gpio.o
 .debug_info    0x00001791      0x879 ./Core/Src/i2c.o
 .debug_info    0x0000200a      0xcd3 ./Core/Src/main.o
 .debug_info    0x00002cdd      0x2db ./Core/Src/motor.o
 .debug_info    0x00002fb8      0x274 ./Core/Src/path_planning.o
 .debug_info    0x0000322c      0x1f1 ./Core/Src/stm32f1xx_hal_msp.o
 .debug_info    0x0000341d      0x990 ./Core/Src/stm32f1xx_it.o
 .debug_info    0x00003dad      0x222 ./Core/Src/system_stm32f1xx.o
 .debug_info    0x00003fcf      0xdde ./Core/Src/tim.o
 .debug_info    0x00004dad      0x92a ./Core/Src/usart.o
 .debug_info    0x000056d7       0x30 ./Core/Startup/startup_stm32f103c8tx.o
 .debug_info    0x00005707      0x704 ./Drivers/STM32F1xx_HAL_Driver/Src/stm32f1xx_hal.o
 .debug_info    0x00005e0b      0xa87 ./Drivers/STM32F1xx_HAL_Driver/Src/stm32f1xx_hal_cortex.o
 .debug_info    0x00006892      0x6d2 ./Drivers/STM32F1xx_HAL_Driver/Src/stm32f1xx_hal_dma.o
 .debug_info    0x00006f64      0x5ab ./Drivers/STM32F1xx_HAL_Driver/Src/stm32f1xx_hal_gpio.o
 .debug_info    0x0000750f     0x2524 ./Drivers/STM32F1xx_HAL_Driver/Src/stm32f1xx_hal_i2c.o
 .debug_info    0x00009a33      0x7d5 ./Drivers/STM32F1xx_HAL_Driver/Src/stm32f1xx_hal_rcc.o
 .debug_info    0x0000a208     0x2959 ./Drivers/STM32F1xx_HAL_Driver/Src/stm32f1xx_hal_tim.o
 .debug_info    0x0000cb61     0x149b ./Drivers/STM32F1xx_HAL_Driver/Src/stm32f1xx_hal_tim_ex.o
 .debug_info    0x0000dffc     0x2eed ./Drivers/STM32F1xx_HAL_Driver/Src/stm32f1xx_hal_uart.o

.debug_abbrev   0x00000000     0x2ad5
 .debug_abbrev  0x00000000      0x204 ./Core/Src/MPU6050.o
 .debug_abbrev  0x00000204      0x158 ./Core/Src/bluetooth_receiver.o
 .debug_abbrev  0x0000035c       0x7d ./Core/Src/encoder.o
 .debug_abbrev  0x000003d9       0x91 ./Core/Src/global.o
 .debug_abbrev  0x0000046a      0x13f ./Core/Src/gpio.o
 .debug_abbrev  0x000005a9      0x1ef ./Core/Src/i2c.o
 .debug_abbrev  0x00000798      0x278 ./Core/Src/main.o
 .debug_abbrev  0x00000a10      0x137 ./Core/Src/motor.o
 .debug_abbrev  0x00000b47       0xef ./Core/Src/path_planning.o
 .debug_abbrev  0x00000c36       0xdb ./Core/Src/stm32f1xx_hal_msp.o
 .debug_abbrev  0x00000d11      0x1c2 ./Core/Src/stm32f1xx_it.o
 .debug_abbrev  0x00000ed3      0x13f ./Core/Src/system_stm32f1xx.o
 .debug_abbrev  0x00001012      0x285 ./Core/Src/tim.o
 .debug_abbrev  0x00001297      0x205 ./Core/Src/usart.o
 .debug_abbrev  0x0000149c       0x24 ./Core/Startup/startup_stm32f103c8tx.o
 .debug_abbrev  0x000014c0      0x201 ./Drivers/STM32F1xx_HAL_Driver/Src/stm32f1xx_hal.o
 .debug_abbrev  0x000016c1      0x2f8 ./Drivers/STM32F1xx_HAL_Driver/Src/stm32f1xx_hal_cortex.o
 .debug_abbrev  0x000019b9      0x20b ./Drivers/STM32F1xx_HAL_Driver/Src/stm32f1xx_hal_dma.o
 .debug_abbrev  0x00001bc4      0x1ca ./Drivers/STM32F1xx_HAL_Driver/Src/stm32f1xx_hal_gpio.o
 .debug_abbrev  0x00001d8e      0x2a3 ./Drivers/STM32F1xx_HAL_Driver/Src/stm32f1xx_hal_i2c.o
 .debug_abbrev  0x00002031      0x2b3 ./Drivers/STM32F1xx_HAL_Driver/Src/stm32f1xx_hal_rcc.o
 .debug_abbrev  0x000022e4      0x277 ./Drivers/STM32F1xx_HAL_Driver/Src/stm32f1xx_hal_tim.o
 .debug_abbrev  0x0000255b      0x282 ./Drivers/STM32F1xx_HAL_Driver/Src/stm32f1xx_hal_tim_ex.o
 .debug_abbrev  0x000027dd      0x2f8 ./Drivers/STM32F1xx_HAL_Driver/Src/stm32f1xx_hal_uart.o

.debug_aranges  0x00000000     0x1060
 .debug_aranges
                0x00000000       0x40 ./Core/Src/MPU6050.o
 .debug_aranges
                0x00000040       0x20 ./Core/Src/bluetooth_receiver.o
 .debug_aranges
                0x00000060       0x28 ./Core/Src/encoder.o
 .debug_aranges
                0x00000088       0x18 ./Core/Src/global.o
 .debug_aranges
                0x000000a0       0x20 ./Core/Src/gpio.o
 .debug_aranges
                0x000000c0       0x30 ./Core/Src/i2c.o
 .debug_aranges
                0x000000f0       0x38 ./Core/Src/main.o
 .debug_aranges
                0x00000128       0x78 ./Core/Src/motor.o
 .debug_aranges
                0x000001a0       0x30 ./Core/Src/path_planning.o
 .debug_aranges
                0x000001d0       0x20 ./Core/Src/stm32f1xx_hal_msp.o
 .debug_aranges
                0x000001f0       0x70 ./Core/Src/stm32f1xx_it.o
 .debug_aranges
                0x00000260       0x28 ./Core/Src/system_stm32f1xx.o
 .debug_aranges
                0x00000288       0x50 ./Core/Src/tim.o
 .debug_aranges
                0x000002d8       0x30 ./Core/Src/usart.o
 .debug_aranges
                0x00000308       0x28 ./Core/Startup/startup_stm32f103c8tx.o
 .debug_aranges
                0x00000330       0xe0 ./Drivers/STM32F1xx_HAL_Driver/Src/stm32f1xx_hal.o
 .debug_aranges
                0x00000410      0x100 ./Drivers/STM32F1xx_HAL_Driver/Src/stm32f1xx_hal_cortex.o
 .debug_aranges
                0x00000510       0x80 ./Drivers/STM32F1xx_HAL_Driver/Src/stm32f1xx_hal_dma.o
 .debug_aranges
                0x00000590       0x58 ./Drivers/STM32F1xx_HAL_Driver/Src/stm32f1xx_hal_gpio.o
 .debug_aranges
                0x000005e8      0x2a8 ./Drivers/STM32F1xx_HAL_Driver/Src/stm32f1xx_hal_i2c.o
 .debug_aranges
                0x00000890       0x90 ./Drivers/STM32F1xx_HAL_Driver/Src/stm32f1xx_hal_rcc.o
 .debug_aranges
                0x00000920      0x3d0 ./Drivers/STM32F1xx_HAL_Driver/Src/stm32f1xx_hal_tim.o
 .debug_aranges
                0x00000cf0      0x168 ./Drivers/STM32F1xx_HAL_Driver/Src/stm32f1xx_hal_tim_ex.o
 .debug_aranges
                0x00000e58      0x208 ./Drivers/STM32F1xx_HAL_Driver/Src/stm32f1xx_hal_uart.o

.debug_rnglists
                0x00000000      0xcc6
 .debug_rnglists
                0x00000000       0x30 ./Core/Src/MPU6050.o
 .debug_rnglists
                0x00000030       0x14 ./Core/Src/bluetooth_receiver.o
 .debug_rnglists
                0x00000044       0x19 ./Core/Src/encoder.o
 .debug_rnglists
                0x0000005d       0x14 ./Core/Src/gpio.o
 .debug_rnglists
                0x00000071       0x20 ./Core/Src/i2c.o
 .debug_rnglists
                0x00000091       0x27 ./Core/Src/main.o
 .debug_rnglists
                0x000000b8       0x55 ./Core/Src/motor.o
 .debug_rnglists
                0x0000010d       0x22 ./Core/Src/path_planning.o
 .debug_rnglists
                0x0000012f       0x13 ./Core/Src/stm32f1xx_hal_msp.o
 .debug_rnglists
                0x00000142       0x4f ./Core/Src/stm32f1xx_it.o
 .debug_rnglists
                0x00000191       0x1a ./Core/Src/system_stm32f1xx.o
 .debug_rnglists
                0x000001ab       0x3e ./Core/Src/tim.o
 .debug_rnglists
                0x000001e9       0x20 ./Core/Src/usart.o
 .debug_rnglists
                0x00000209       0x19 ./Core/Startup/startup_stm32f103c8tx.o
 .debug_rnglists
                0x00000222       0xa3 ./Drivers/STM32F1xx_HAL_Driver/Src/stm32f1xx_hal.o
 .debug_rnglists
                0x000002c5       0xbb ./Drivers/STM32F1xx_HAL_Driver/Src/stm32f1xx_hal_cortex.o
 .debug_rnglists
                0x00000380       0x64 ./Drivers/STM32F1xx_HAL_Driver/Src/stm32f1xx_hal_dma.o
 .debug_rnglists
                0x000003e4       0x3f ./Drivers/STM32F1xx_HAL_Driver/Src/stm32f1xx_hal_gpio.o
 .debug_rnglists
                0x00000423      0x23c ./Drivers/STM32F1xx_HAL_Driver/Src/stm32f1xx_hal_i2c.o
 .debug_rnglists
                0x0000065f       0x6c ./Drivers/STM32F1xx_HAL_Driver/Src/stm32f1xx_hal_rcc.o
 .debug_rnglists
                0x000006cb      0x31a ./Drivers/STM32F1xx_HAL_Driver/Src/stm32f1xx_hal_tim.o
 .debug_rnglists
                0x000009e5      0x125 ./Drivers/STM32F1xx_HAL_Driver/Src/stm32f1xx_hal_tim_ex.o
 .debug_rnglists
                0x00000b0a      0x1bc ./Drivers/STM32F1xx_HAL_Driver/Src/stm32f1xx_hal_uart.o

.debug_macro    0x00000000     0x34d6
 .debug_macro   0x00000000      0x2be ./Core/Src/MPU6050.o
 .debug_macro   0x000002be       0x61 ./Core/Src/MPU6050.o
 .debug_macro   0x0000031f       0x24 ./Core/Src/MPU6050.o
 .debug_macro   0x00000343       0x43 ./Core/Src/MPU6050.o
 .debug_macro   0x00000386       0x34 ./Core/Src/MPU6050.o
 .debug_macro   0x000003ba      0x370 ./Core/Src/MPU6050.o
 .debug_macro   0x0000072a       0x16 ./Core/Src/MPU6050.o
 .debug_macro   0x00000740       0x4a ./Core/Src/MPU6050.o
 .debug_macro   0x0000078a       0x34 ./Core/Src/MPU6050.o
 .debug_macro   0x000007be       0x10 ./Core/Src/MPU6050.o
 .debug_macro   0x000007ce       0x58 ./Core/Src/MPU6050.o
 .debug_macro   0x00000826       0x8e ./Core/Src/MPU6050.o
 .debug_macro   0x000008b4       0x1c ./Core/Src/MPU6050.o
 .debug_macro   0x000008d0      0x185 ./Core/Src/MPU6050.o
 .debug_macro   0x00000a55      0x19b ./Core/Src/MPU6050.o
 .debug_macro   0x00000bf0       0x22 ./Core/Src/MPU6050.o
 .debug_macro   0x00000c12       0x16 ./Core/Src/MPU6050.o
 .debug_macro   0x00000c28      0x214 ./Core/Src/bluetooth_receiver.o
 .debug_macro   0x00000e3c      0x1cf ./Core/Src/encoder.o
 .debug_macro   0x0000100b      0x1c5 ./Core/Src/global.o
 .debug_macro   0x000011d0      0x1c1 ./Core/Src/gpio.o
 .debug_macro   0x00001391      0x1c1 ./Core/Src/i2c.o
 .debug_macro   0x00001552      0x265 ./Core/Src/main.o
 .debug_macro   0x000017b7       0x22 ./Core/Src/main.o
 .debug_macro   0x000017d9      0x217 ./Core/Src/motor.o
 .debug_macro   0x000019f0      0x239 ./Core/Src/path_planning.o
 .debug_macro   0x00001c29      0x1b7 ./Core/Src/stm32f1xx_hal_msp.o
 .debug_macro   0x00001de0      0x1c1 ./Core/Src/stm32f1xx_it.o
 .debug_macro   0x00001fa1      0x1ad ./Core/Src/system_stm32f1xx.o
 .debug_macro   0x0000214e      0x1c1 ./Core/Src/tim.o
 .debug_macro   0x0000230f      0x1c1 ./Core/Src/usart.o
 .debug_macro   0x000024d0      0x1d1 ./Drivers/STM32F1xx_HAL_Driver/Src/stm32f1xx_hal.o
 .debug_macro   0x000026a1      0x1ad ./Drivers/STM32F1xx_HAL_Driver/Src/stm32f1xx_hal_cortex.o
 .debug_macro   0x0000284e      0x1ad ./Drivers/STM32F1xx_HAL_Driver/Src/stm32f1xx_hal_dma.o
 .debug_macro   0x000029fb      0x218 ./Drivers/STM32F1xx_HAL_Driver/Src/stm32f1xx_hal_gpio.o
 .debug_macro   0x00002c13      0x1fb ./Drivers/STM32F1xx_HAL_Driver/Src/stm32f1xx_hal_i2c.o
 .debug_macro   0x00002e0e      0x1bf ./Drivers/STM32F1xx_HAL_Driver/Src/stm32f1xx_hal_rcc.o
 .debug_macro   0x00002fcd      0x1ae ./Drivers/STM32F1xx_HAL_Driver/Src/stm32f1xx_hal_tim.o
 .debug_macro   0x0000317b      0x1ad ./Drivers/STM32F1xx_HAL_Driver/Src/stm32f1xx_hal_tim_ex.o
 .debug_macro   0x00003328      0x1ae ./Drivers/STM32F1xx_HAL_Driver/Src/stm32f1xx_hal_uart.o

.debug_line     0x00000000    0x15c3d
 .debug_line    0x00000000      0xaa5 ./Core/Src/MPU6050.o
 .debug_line    0x00000aa5      0x7bc ./Core/Src/bluetooth_receiver.o
 .debug_line    0x00001261      0x74d ./Core/Src/encoder.o
 .debug_line    0x000019ae      0x6ff ./Core/Src/global.o
 .debug_line    0x000020ad      0x753 ./Core/Src/gpio.o
 .debug_line    0x00002800      0x77e ./Core/Src/i2c.o
 .debug_line    0x00002f7e      0x893 ./Core/Src/main.o
 .debug_line    0x00003811      0x83d ./Core/Src/motor.o
 .debug_line    0x0000404e      0x9bc ./Core/Src/path_planning.o
 .debug_line    0x00004a0a      0x714 ./Core/Src/stm32f1xx_hal_msp.o
 .debug_line    0x0000511e      0x80d ./Core/Src/stm32f1xx_it.o
 .debug_line    0x0000592b      0x792 ./Core/Src/system_stm32f1xx.o
 .debug_line    0x000060bd      0x9ee ./Core/Src/tim.o
 .debug_line    0x00006aab      0x78a ./Core/Src/usart.o
 .debug_line    0x00007235       0x78 ./Core/Startup/startup_stm32f103c8tx.o
 .debug_line    0x000072ad      0x9c3 ./Drivers/STM32F1xx_HAL_Driver/Src/stm32f1xx_hal.o
 .debug_line    0x00007c70      0xb8d ./Drivers/STM32F1xx_HAL_Driver/Src/stm32f1xx_hal_cortex.o
 .debug_line    0x000087fd      0xdcd ./Drivers/STM32F1xx_HAL_Driver/Src/stm32f1xx_hal_dma.o
 .debug_line    0x000095ca      0xa20 ./Drivers/STM32F1xx_HAL_Driver/Src/stm32f1xx_hal_gpio.o
 .debug_line    0x00009fea     0x3bc0 ./Drivers/STM32F1xx_HAL_Driver/Src/stm32f1xx_hal_i2c.o
 .debug_line    0x0000dbaa      0xe7c ./Drivers/STM32F1xx_HAL_Driver/Src/stm32f1xx_hal_rcc.o
 .debug_line    0x0000ea26     0x34b1 ./Drivers/STM32F1xx_HAL_Driver/Src/stm32f1xx_hal_tim.o
 .debug_line    0x00011ed7     0x1887 ./Drivers/STM32F1xx_HAL_Driver/Src/stm32f1xx_hal_tim_ex.o
 .debug_line    0x0001375e     0x24df ./Drivers/STM32F1xx_HAL_Driver/Src/stm32f1xx_hal_uart.o

.debug_str      0x00000000    0x8d3c5
 .debug_str     0x00000000    0x8d3c5 ./Core/Src/MPU6050.o
                              0x890d4 (size before relaxing)
 .debug_str     0x0008d3c5    0x85774 ./Core/Src/bluetooth_receiver.o
 .debug_str     0x0008d3c5    0x850e0 ./Core/Src/encoder.o
 .debug_str     0x0008d3c5    0x8519a ./Core/Src/global.o
 .debug_str     0x0008d3c5    0x850ca ./Core/Src/gpio.o
 .debug_str     0x0008d3c5    0x855b2 ./Core/Src/i2c.o
 .debug_str     0x0008d3c5    0x85c10 ./Core/Src/main.o
 .debug_str     0x0008d3c5    0x852d4 ./Core/Src/motor.o
 .debug_str     0x0008d3c5    0x853ff ./Core/Src/path_planning.o
 .debug_str     0x0008d3c5    0x85052 ./Core/Src/stm32f1xx_hal_msp.o
 .debug_str     0x0008d3c5    0x857c7 ./Core/Src/stm32f1xx_it.o
 .debug_str     0x0008d3c5    0x8507d ./Core/Src/system_stm32f1xx.o
 .debug_str     0x0008d3c5    0x85b41 ./Core/Src/tim.o
 .debug_str     0x0008d3c5    0x8582d ./Core/Src/usart.o
 .debug_str     0x0008d3c5       0x72 ./Core/Startup/startup_stm32f103c8tx.o
 .debug_str     0x0008d3c5    0x857b0 ./Drivers/STM32F1xx_HAL_Driver/Src/stm32f1xx_hal.o
 .debug_str     0x0008d3c5    0x856fc ./Drivers/STM32F1xx_HAL_Driver/Src/stm32f1xx_hal_cortex.o
 .debug_str     0x0008d3c5    0x85426 ./Drivers/STM32F1xx_HAL_Driver/Src/stm32f1xx_hal_dma.o
 .debug_str     0x0008d3c5    0x85403 ./Drivers/STM32F1xx_HAL_Driver/Src/stm32f1xx_hal_gpio.o
 .debug_str     0x0008d3c5    0x86144 ./Drivers/STM32F1xx_HAL_Driver/Src/stm32f1xx_hal_i2c.o
 .debug_str     0x0008d3c5    0x854ac ./Drivers/STM32F1xx_HAL_Driver/Src/stm32f1xx_hal_rcc.o
 .debug_str     0x0008d3c5    0x864ae ./Drivers/STM32F1xx_HAL_Driver/Src/stm32f1xx_hal_tim.o
 .debug_str     0x0008d3c5    0x85cba ./Drivers/STM32F1xx_HAL_Driver/Src/stm32f1xx_hal_tim_ex.o
 .debug_str     0x0008d3c5    0x85b1d ./Drivers/STM32F1xx_HAL_Driver/Src/stm32f1xx_hal_uart.o

.comment        0x00000000       0x86
 .comment       0x00000000       0x86 ./Core/Src/MPU6050.o
                                 0x44 (size before relaxing)
 .comment       0x00000086       0x44 ./Core/Src/bluetooth_receiver.o
 .comment       0x00000086       0x44 ./Core/Src/encoder.o
 .comment       0x00000086       0x44 ./Core/Src/global.o
 .comment       0x00000086       0x44 ./Core/Src/gpio.o
 .comment       0x00000086       0x44 ./Core/Src/i2c.o
 .comment       0x00000086       0x44 ./Core/Src/main.o
 .comment       0x00000086       0x44 ./Core/Src/motor.o
 .comment       0x00000086       0x44 ./Core/Src/path_planning.o
 .comment       0x00000086       0x44 ./Core/Src/stm32f1xx_hal_msp.o
 .comment       0x00000086       0x44 ./Core/Src/stm32f1xx_it.o
 .comment       0x00000086       0x44 ./Core/Src/system_stm32f1xx.o
 .comment       0x00000086       0x44 ./Core/Src/tim.o
 .comment       0x00000086       0x44 ./Core/Src/usart.o
 .comment       0x00000086       0x44 ./Drivers/STM32F1xx_HAL_Driver/Src/stm32f1xx_hal.o
 .comment       0x00000086       0x44 ./Drivers/STM32F1xx_HAL_Driver/Src/stm32f1xx_hal_cortex.o
 .comment       0x00000086       0x44 ./Drivers/STM32F1xx_HAL_Driver/Src/stm32f1xx_hal_dma.o
 .comment       0x00000086       0x44 ./Drivers/STM32F1xx_HAL_Driver/Src/stm32f1xx_hal_gpio.o
 .comment       0x00000086       0x44 ./Drivers/STM32F1xx_HAL_Driver/Src/stm32f1xx_hal_i2c.o
 .comment       0x00000086       0x44 ./Drivers/STM32F1xx_HAL_Driver/Src/stm32f1xx_hal_rcc.o
 .comment       0x00000086       0x44 ./Drivers/STM32F1xx_HAL_Driver/Src/stm32f1xx_hal_tim.o
 .comment       0x00000086       0x44 ./Drivers/STM32F1xx_HAL_Driver/Src/stm32f1xx_hal_tim_ex.o
 .comment       0x00000086       0x44 ./Drivers/STM32F1xx_HAL_Driver/Src/stm32f1xx_hal_uart.o

.debug_frame    0x00000000     0x478c
 .debug_frame   0x00000000       0xe0 ./Core/Src/MPU6050.o
 .debug_frame   0x000000e0       0x34 ./Core/Src/bluetooth_receiver.o
 .debug_frame   0x00000114       0x50 ./Core/Src/encoder.o
 .debug_frame   0x00000164       0x34 ./Core/Src/gpio.o
 .debug_frame   0x00000198       0x74 ./Core/Src/i2c.o
 .debug_frame   0x0000020c       0x94 ./Core/Src/main.o
 .debug_frame   0x000002a0      0x1c4 ./Core/Src/motor.o
 .debug_frame   0x00000464       0x64 ./Core/Src/path_planning.o
 .debug_frame   0x000004c8       0x38 ./Core/Src/stm32f1xx_hal_msp.o
 .debug_frame   0x00000500      0x13c ./Core/Src/stm32f1xx_it.o
 .debug_frame   0x0000063c       0x58 ./Core/Src/system_stm32f1xx.o
 .debug_frame   0x00000694      0x10c ./Core/Src/tim.o
 .debug_frame   0x000007a0       0x74 ./Core/Src/usart.o
 .debug_frame   0x00000814      0x334 ./Drivers/STM32F1xx_HAL_Driver/Src/stm32f1xx_hal.o
 .debug_frame   0x00000b48      0x428 ./Drivers/STM32F1xx_HAL_Driver/Src/stm32f1xx_hal_cortex.o
 .debug_frame   0x00000f70      0x208 ./Drivers/STM32F1xx_HAL_Driver/Src/stm32f1xx_hal_dma.o
 .debug_frame   0x00001178      0x14c ./Drivers/STM32F1xx_HAL_Driver/Src/stm32f1xx_hal_gpio.o
 .debug_frame   0x000012c4      0xc84 ./Drivers/STM32F1xx_HAL_Driver/Src/stm32f1xx_hal_i2c.o
 .debug_frame   0x00001f48      0x218 ./Drivers/STM32F1xx_HAL_Driver/Src/stm32f1xx_hal_rcc.o
 .debug_frame   0x00002160     0x11b8 ./Drivers/STM32F1xx_HAL_Driver/Src/stm32f1xx_hal_tim.o
 .debug_frame   0x00003318      0x638 ./Drivers/STM32F1xx_HAL_Driver/Src/stm32f1xx_hal_tim_ex.o
 .debug_frame   0x00003950      0x944 ./Drivers/STM32F1xx_HAL_Driver/Src/stm32f1xx_hal_uart.o
 .debug_frame   0x00004294      0x144 D:/STM32CubeIDE_1.19.0/STM32CubeIDE/plugins/com.st.stm32cube.ide.mcu.externaltools.gnu-tools-for-stm32.13.3.rel1.win32_1.0.0.202411081344/tools/bin/../lib/gcc/arm-none-eabi/13.3.1/../../../../arm-none-eabi/lib/thumb/v7-m/nofp\libc_nano.a(libc_a-findfp.o)
 .debug_frame   0x000043d8       0x20 D:/STM32CubeIDE_1.19.0/STM32CubeIDE/plugins/com.st.stm32cube.ide.mcu.externaltools.gnu-tools-for-stm32.13.3.rel1.win32_1.0.0.202411081344/tools/bin/../lib/gcc/arm-none-eabi/13.3.1/../../../../arm-none-eabi/lib/thumb/v7-m/nofp\libc_nano.a(libc_a-memset.o)
 .debug_frame   0x000043f8       0x20 D:/STM32CubeIDE_1.19.0/STM32CubeIDE/plugins/com.st.stm32cube.ide.mcu.externaltools.gnu-tools-for-stm32.13.3.rel1.win32_1.0.0.202411081344/tools/bin/../lib/gcc/arm-none-eabi/13.3.1/../../../../arm-none-eabi/lib/thumb/v7-m/nofp\libc_nano.a(libc_a-errno.o)
 .debug_frame   0x00004418       0x2c D:/STM32CubeIDE_1.19.0/STM32CubeIDE/plugins/com.st.stm32cube.ide.mcu.externaltools.gnu-tools-for-stm32.13.3.rel1.win32_1.0.0.202411081344/tools/bin/../lib/gcc/arm-none-eabi/13.3.1/../../../../arm-none-eabi/lib/thumb/v7-m/nofp\libc_nano.a(libc_a-init.o)
 .debug_frame   0x00004444       0x30 D:/STM32CubeIDE_1.19.0/STM32CubeIDE/plugins/com.st.stm32cube.ide.mcu.externaltools.gnu-tools-for-stm32.13.3.rel1.win32_1.0.0.202411081344/tools/bin/../lib/gcc/arm-none-eabi/13.3.1/../../../../arm-none-eabi/lib/thumb/v7-m/nofp\libm.a(libm_a-w_sqrt.o)
 .debug_frame   0x00004474       0x38 D:/STM32CubeIDE_1.19.0/STM32CubeIDE/plugins/com.st.stm32cube.ide.mcu.externaltools.gnu-tools-for-stm32.13.3.rel1.win32_1.0.0.202411081344/tools/bin/../lib/gcc/arm-none-eabi/13.3.1/../../../../arm-none-eabi/lib/thumb/v7-m/nofp\libm.a(libm_a-s_atan.o)
 .debug_frame   0x000044ac       0x20 D:/STM32CubeIDE_1.19.0/STM32CubeIDE/plugins/com.st.stm32cube.ide.mcu.externaltools.gnu-tools-for-stm32.13.3.rel1.win32_1.0.0.202411081344/tools/bin/../lib/gcc/arm-none-eabi/13.3.1/../../../../arm-none-eabi/lib/thumb/v7-m/nofp\libm.a(libm_a-s_fabs.o)
 .debug_frame   0x000044cc       0x38 D:/STM32CubeIDE_1.19.0/STM32CubeIDE/plugins/com.st.stm32cube.ide.mcu.externaltools.gnu-tools-for-stm32.13.3.rel1.win32_1.0.0.202411081344/tools/bin/../lib/gcc/arm-none-eabi/13.3.1/../../../../arm-none-eabi/lib/thumb/v7-m/nofp\libm.a(libm_a-e_sqrt.o)
 .debug_frame   0x00004504       0xac D:/STM32CubeIDE_1.19.0/STM32CubeIDE/plugins/com.st.stm32cube.ide.mcu.externaltools.gnu-tools-for-stm32.13.3.rel1.win32_1.0.0.202411081344/tools/bin/../lib/gcc/arm-none-eabi/13.3.1/thumb/v7-m/nofp\libgcc.a(_arm_addsubdf3.o)
 .debug_frame   0x000045b0       0x50 D:/STM32CubeIDE_1.19.0/STM32CubeIDE/plugins/com.st.stm32cube.ide.mcu.externaltools.gnu-tools-for-stm32.13.3.rel1.win32_1.0.0.202411081344/tools/bin/../lib/gcc/arm-none-eabi/13.3.1/thumb/v7-m/nofp\libgcc.a(_arm_muldivdf3.o)
 .debug_frame   0x00004600       0xc4 D:/STM32CubeIDE_1.19.0/STM32CubeIDE/plugins/com.st.stm32cube.ide.mcu.externaltools.gnu-tools-for-stm32.13.3.rel1.win32_1.0.0.202411081344/tools/bin/../lib/gcc/arm-none-eabi/13.3.1/thumb/v7-m/nofp\libgcc.a(_arm_cmpdf2.o)
 .debug_frame   0x000046c4       0x20 D:/STM32CubeIDE_1.19.0/STM32CubeIDE/plugins/com.st.stm32cube.ide.mcu.externaltools.gnu-tools-for-stm32.13.3.rel1.win32_1.0.0.202411081344/tools/bin/../lib/gcc/arm-none-eabi/13.3.1/thumb/v7-m/nofp\libgcc.a(_arm_unorddf2.o)
 .debug_frame   0x000046e4       0x24 D:/STM32CubeIDE_1.19.0/STM32CubeIDE/plugins/com.st.stm32cube.ide.mcu.externaltools.gnu-tools-for-stm32.13.3.rel1.win32_1.0.0.202411081344/tools/bin/../lib/gcc/arm-none-eabi/13.3.1/thumb/v7-m/nofp\libgcc.a(_arm_truncdfsf2.o)
 .debug_frame   0x00004708       0x4c D:/STM32CubeIDE_1.19.0/STM32CubeIDE/plugins/com.st.stm32cube.ide.mcu.externaltools.gnu-tools-for-stm32.13.3.rel1.win32_1.0.0.202411081344/tools/bin/../lib/gcc/arm-none-eabi/13.3.1/thumb/v7-m/nofp\libgcc.a(_arm_addsubsf3.o)
 .debug_frame   0x00004754       0x38 D:/STM32CubeIDE_1.19.0/STM32CubeIDE/plugins/com.st.stm32cube.ide.mcu.externaltools.gnu-tools-for-stm32.13.3.rel1.win32_1.0.0.202411081344/tools/bin/../lib/gcc/arm-none-eabi/13.3.1/thumb/v7-m/nofp\libgcc.a(_arm_muldivsf3.o)

.debug_line_str
                0x00000000       0x56
 .debug_line_str
                0x00000000       0x56 ./Core/Startup/startup_stm32f103c8tx.o
